Archive member included to satisfy reference by file (symbol)

/usr/lib/gcc/arm-none-eabi/10.3.1/thumb/v6-m/nofp/libgcc.a(_dvmd_tls.o)
                              CMakeFiles/pico_motor_controller.dir/home/dabom_user/pico/pico-sdk/src/rp2_common/pico_divider/divider_hardware.S.o (__aeabi_idiv0)
/usr/lib/gcc/arm-none-eabi/10.3.1/../../../arm-none-eabi/lib/thumb/v6-m/nofp/libg.a(lib_a-calloc.o)
                              CMakeFiles/pico_motor_controller.dir/home/dabom_user/pico/pico-sdk/src/rp2_common/pico_malloc/malloc.c.o (calloc)
/usr/lib/gcc/arm-none-eabi/10.3.1/../../../arm-none-eabi/lib/thumb/v6-m/nofp/libg.a(lib_a-callocr.o)
                              /usr/lib/gcc/arm-none-eabi/10.3.1/../../../arm-none-eabi/lib/thumb/v6-m/nofp/libg.a(lib_a-calloc.o) (_calloc_r)
/usr/lib/gcc/arm-none-eabi/10.3.1/../../../arm-none-eabi/lib/thumb/v6-m/nofp/libg.a(lib_a-impure.o)
                              /usr/lib/gcc/arm-none-eabi/10.3.1/../../../arm-none-eabi/lib/thumb/v6-m/nofp/libg.a(lib_a-calloc.o) (_impure_ptr)
/usr/lib/gcc/arm-none-eabi/10.3.1/../../../arm-none-eabi/lib/thumb/v6-m/nofp/libg.a(lib_a-lcltime_r.o)
                              CMakeFiles/pico_motor_controller.dir/home/dabom_user/pico/pico-sdk/src/common/pico_util/datetime.c.o (localtime_r)
/usr/lib/gcc/arm-none-eabi/10.3.1/../../../arm-none-eabi/lib/thumb/v6-m/nofp/libg.a(lib_a-malloc.o)
                              CMakeFiles/pico_motor_controller.dir/home/dabom_user/pico/pico-sdk/src/rp2_common/pico_malloc/malloc.c.o (malloc)
/usr/lib/gcc/arm-none-eabi/10.3.1/../../../arm-none-eabi/lib/thumb/v6-m/nofp/libg.a(lib_a-mallocr.o)
                              /usr/lib/gcc/arm-none-eabi/10.3.1/../../../arm-none-eabi/lib/thumb/v6-m/nofp/libg.a(lib_a-callocr.o) (_malloc_r)
/usr/lib/gcc/arm-none-eabi/10.3.1/../../../arm-none-eabi/lib/thumb/v6-m/nofp/libg.a(lib_a-memcmp.o)
                              CMakeFiles/pico_motor_controller.dir/home/dabom_user/pico/pico-sdk/src/rp2_common/pico_atomic/atomic.c.o (memcmp)
/usr/lib/gcc/arm-none-eabi/10.3.1/../../../arm-none-eabi/lib/thumb/v6-m/nofp/libg.a(lib_a-mktime.o)
                              CMakeFiles/pico_motor_controller.dir/home/dabom_user/pico/pico-sdk/src/common/pico_util/datetime.c.o (mktime)
/usr/lib/gcc/arm-none-eabi/10.3.1/../../../arm-none-eabi/lib/thumb/v6-m/nofp/libg.a(lib_a-mlock.o)
                              /usr/lib/gcc/arm-none-eabi/10.3.1/../../../arm-none-eabi/lib/thumb/v6-m/nofp/libg.a(lib_a-mallocr.o) (__malloc_lock)
/usr/lib/gcc/arm-none-eabi/10.3.1/../../../arm-none-eabi/lib/thumb/v6-m/nofp/libg.a(lib_a-month_lengths.o)
                              /usr/lib/gcc/arm-none-eabi/10.3.1/../../../arm-none-eabi/lib/thumb/v6-m/nofp/libg.a(lib_a-lcltime_r.o) (__month_lengths)
/usr/lib/gcc/arm-none-eabi/10.3.1/../../../arm-none-eabi/lib/thumb/v6-m/nofp/libg.a(lib_a-realloc.o)
                              CMakeFiles/pico_motor_controller.dir/home/dabom_user/pico/pico-sdk/src/rp2_common/pico_malloc/malloc.c.o (realloc)
/usr/lib/gcc/arm-none-eabi/10.3.1/../../../arm-none-eabi/lib/thumb/v6-m/nofp/libg.a(lib_a-reallocr.o)
                              /usr/lib/gcc/arm-none-eabi/10.3.1/../../../arm-none-eabi/lib/thumb/v6-m/nofp/libg.a(lib_a-realloc.o) (_realloc_r)
/usr/lib/gcc/arm-none-eabi/10.3.1/../../../arm-none-eabi/lib/thumb/v6-m/nofp/libg.a(lib_a-sbrkr.o)
                              /usr/lib/gcc/arm-none-eabi/10.3.1/../../../arm-none-eabi/lib/thumb/v6-m/nofp/libg.a(lib_a-mallocr.o) (_sbrk_r)
/usr/lib/gcc/arm-none-eabi/10.3.1/../../../arm-none-eabi/lib/thumb/v6-m/nofp/libg.a(lib_a-strcmp.o)
                              CMakeFiles/pico_motor_controller.dir/main.c.o (strcmp)
/usr/lib/gcc/arm-none-eabi/10.3.1/../../../arm-none-eabi/lib/thumb/v6-m/nofp/libg.a(lib_a-strlen-stub.o)
                              CMakeFiles/pico_motor_controller.dir/home/dabom_user/pico/pico-sdk/src/rp2_common/pico_stdio/stdio.c.o (strlen)
/usr/lib/gcc/arm-none-eabi/10.3.1/../../../arm-none-eabi/lib/thumb/v6-m/nofp/libg.a(lib_a-strtod.o)
                              CMakeFiles/pico_motor_controller.dir/main.c.o (strtof)
/usr/lib/gcc/arm-none-eabi/10.3.1/../../../arm-none-eabi/lib/thumb/v6-m/nofp/libg.a(lib_a-strtok_r.o)
                              CMakeFiles/pico_motor_controller.dir/main.c.o (strtok_r)
/usr/lib/gcc/arm-none-eabi/10.3.1/../../../arm-none-eabi/lib/thumb/v6-m/nofp/libg.a(lib_a-tzcalc_limits.o)
                              /usr/lib/gcc/arm-none-eabi/10.3.1/../../../arm-none-eabi/lib/thumb/v6-m/nofp/libg.a(lib_a-lcltime_r.o) (__tzcalc_limits)
/usr/lib/gcc/arm-none-eabi/10.3.1/../../../arm-none-eabi/lib/thumb/v6-m/nofp/libg.a(lib_a-tzlock.o)
                              /usr/lib/gcc/arm-none-eabi/10.3.1/../../../arm-none-eabi/lib/thumb/v6-m/nofp/libg.a(lib_a-lcltime_r.o) (__tz_lock)
/usr/lib/gcc/arm-none-eabi/10.3.1/../../../arm-none-eabi/lib/thumb/v6-m/nofp/libg.a(lib_a-tzset.o)
[...]
Memory Configuration

Name             Origin             Length             Attributes
FLASH            0x0000000010000000 0x0000000000200000 xr
XIP_RAM          0x0000000015000000 0x0000000000004000 xrw
RAM              0x0000000020000000 0x0000000000040000 xrw
SCRATCH_X        0x0000000020040000 0x0000000000001000 xrw
SCRATCH_Y        0x0000000020041000 0x0000000000001000 xrw
*default*        0x0000000000000000 0xffffffffffffffff

Linker script and memory map

                0x0000000020000000                RAM_ORIGIN_DEFAULT = 0x20000000
                0x0000000000040000                RAM_LENGTH_DEFAULT = 0x40000
                0x0000000020040000                SCRATCH_X_ORIGIN_DEFAULT = 0x20040000
                0x0000000000001000                SCRATCH_X_LENGTH_DEFAULT = 0x1000
                0x0000000020041000                SCRATCH_Y_ORIGIN_DEFAULT = 0x20041000
                0x0000000000001000                SCRATCH_Y_LENGTH_DEFAULT = 0x1000
                0x0000000015000000                XIP_RAM_ORIGIN_DEFAULT = 0x15000000
                0x0000000000004000                XIP_RAM_LENGTH_DEFAULT = 0x4000
LOAD CMakeFiles/pico_motor_controller.dir/main.c.o
LOAD CMakeFiles/pico_motor_controller.dir/home/dabom_user/pico/pico-sdk/src/rp2_common/pico_stdlib/stdlib.c.o
LOAD CMakeFiles/pico_motor_controller.dir/home/dabom_user/pico/pico-sdk/src/rp2_common/hardware_gpio/gpio.c.o
LOAD CMakeFiles/pico_motor_controller.dir/home/dabom_user/pico/pico-sdk/src/rp2040/pico_platform/platform.c.o
LOAD CMakeFiles/pico_motor_controller.dir/home/dabom_user/pico/pico-sdk/src/rp2_common/pico_platform_common/common.c.o
LOAD CMakeFiles/pico_motor_controller.dir/home/dabom_user/pico/pico-sdk/src/rp2_common/pico_platform_panic/panic.c.o
LOAD CMakeFiles/pico_motor_controller.dir/home/dabom_user/pico/pico-sdk/src/rp2_common/pico_platform_panic/custom_panic_function.S.o
LOAD CMakeFiles/pico_motor_controller.dir/home/dabom_user/pico/pico-sdk/src/common/hardware_claim/claim.c.o
LOAD CMakeFiles/pico_motor_controller.dir/home/dabom_user/pico/pico-sdk/src/rp2_common/hardware_sync/sync.c.o
LOAD CMakeFiles/pico_motor_controller.dir/home/dabom_user/pico/pico-sdk/src/rp2_common/hardware_sync_spin_lock/sync_spin_lock.c.o
LOAD CMakeFiles/pico_motor_controller.dir/home/dabom_user/pico/pico-sdk/src/rp2_common/hardware_irq/irq.c.o
LOAD CMakeFiles/pico_motor_controller.dir/home/dabom_user/pico/pico-sdk/src/rp2_common/hardware_irq/irq_handler_chain.S.o
LOAD CMakeFiles/pico_motor_controller.dir/home/dabom_user/pico/pico-sdk/src/common/pico_sync/sem.c.o
LOAD CMakeFiles/pico_motor_controller.dir/home/dabom_user/pico/pico-sdk/src/common/pico_sync/lock_core.c.o
LOAD CMakeFiles/pico_motor_controller.dir/home/dabom_user/pico/pico-sdk/src/common/pico_sync/mutex.c.o
LOAD CMakeFiles/pico_motor_controller.dir/home/dabom_user/pico/pico-sdk/src/common/pico_sync/critical_section.c.o
LOAD CMakeFiles/pico_motor_controller.dir/home/dabom_user/pico/pico-sdk/src/common/pico_time/time.c.o
LOAD CMakeFiles/pico_motor_controller.dir/home/dabom_user/pico/pico-sdk/src/common/pico_time/timeout_helper.c.o
LOAD CMakeFiles/pico_motor_controller.dir/home/dabom_user/pico/pico-sdk/src/rp2_common/hardware_timer/timer.c.o
LOAD CMakeFiles/pico_motor_controller.dir/home/dabom_user/pico/pico-sdk/src/common/pico_util/datetime.c.o
LOAD CMakeFiles/pico_motor_controller.dir/home/dabom_user/pico/pico-sdk/src/common/pico_util/fixed_bitset.c.o
LOAD CMakeFiles/pico_motor_controller.dir/home/dabom_user/pico/pico-sdk/src/common/pico_util/pheap.c.o
LOAD CMakeFiles/pico_motor_controller.dir/home/dabom_user/pico/pico-sdk/src/common/pico_util/queue.c.o
LOAD CMakeFiles/pico_motor_controller.dir/home/dabom_user/pico/pico-sdk/src/rp2_common/hardware_uart/uart.c.o
LOAD CMakeFiles/pico_motor_controller.dir/home/dabom_user/pico/pico-sdk/src/rp2_common/hardware_clocks/clocks.c.o
LOAD CMakeFiles/pico_motor_controller.dir/home/dabom_user/pico/pico-sdk/src/rp2_common/hardware_pll/pll.c.o
LOAD CMakeFiles/pico_motor_controller.dir/home/dabom_user/pico/pico-sdk/src/rp2_common/hardware_vreg/vreg.c.o
LOAD CMakeFiles/pico_motor_controller.dir/home/dabom_user/pico/pico-sdk/src/rp2_common/hardware_watchdog/watchdog.c.o
LOAD CMakeFiles/pico_motor_controller.dir/home/dabom_user/pico/pico-sdk/src/rp2_common/hardware_ticks/ticks.c.o
LOAD CMakeFiles/pico_motor_controller.dir/home/dabom_user/pico/pico-sdk/src/rp2_common/pico_bootrom/bootrom.c.o
LOAD CMakeFiles/pico_motor_controller.dir/home/dabom_user/pico/pico-sdk/src/rp2_common/pico_bootrom/bootrom_lock.c.o
LOAD CMakeFiles/pico_motor_controller.dir/home/dabom_user/pico/pico-sdk/src/rp2_common/hardware_boot_lock/boot_lock.c.o
LOAD CMakeFiles/pico_motor_controller.dir/home/dabom_user/pico/pico-sdk/src/rp2_common/pico_flash/flash.c.o
LOAD CMakeFiles/pico_motor_controller.dir/home/dabom_user/pico/pico-sdk/src/rp2_common/hardware_xosc/xosc.c.o
LOAD CMakeFiles/pico_motor_controller.dir/home/dabom_user/pico/pico-sdk/src/rp2_common/hardware_divider/divider.S.o
LOAD CMakeFiles/pico_motor_controller.dir/home/dabom_user/pico/pico-sdk/src/rp2_common/pico_runtime/runtime.c.o
LOAD CMakeFiles/pico_motor_controller.dir/home/dabom_user/pico/pico-sdk/src/rp2_common/pico_runtime_init/runtime_init.c.o
LOAD CMakeFiles/pico_motor_controller.dir/home/dabom_user/pico/pico-sdk/src/rp2_common/pico_runtime_init/runtime_init_clocks.c.o
LOAD CMakeFiles/pico_motor_controller.dir/home/dabom_user/pico/pico-sdk/src/rp2_common/pico_runtime_init/runtime_init_stack_guard.c.o
LOAD CMakeFiles/pico_motor_controller.dir/home/dabom_user/pico/pico-sdk/src/rp2_common/hardware_rtc/rtc.c.o
LOAD CMakeFiles/pico_motor_controller.dir/home/dabom_user/pico/pico-sdk/src/rp2_common/pico_bit_ops/bit_ops_aeabi.S.o
LOAD CMakeFiles/pico_motor_controller.dir/home/dabom_user/pico/pico-sdk/src/rp2_common/pico_divider/divider_hardware.S.o
LOAD CMakeFiles/pico_motor_controller.dir/home/dabom_user/pico/pico-sdk/src/rp2_common/pico_double/double_aeabi_rp2040.S.o
LOAD CMakeFiles/pico_motor_controller.dir/home/dabom_user/pico/pico-sdk/src/rp2_common/pico_double/double_init_rom_rp2040.c.o
LOAD CMakeFiles/pico_motor_controller.dir/home/dabom_user/pico/pico-sdk/src/rp2_common/pico_double/double_math.c.o
LOAD CMakeFiles/pico_motor_controller.dir/home/dabom_user/pico/pico-sdk/src/rp2_common/pico_double/double_v1_rom_shim_rp2040.S.o
LOAD CMakeFiles/pico_motor_controller.dir/home/dabom_user/pico/pico-sdk/src/rp2_common/pico_int64_ops/pico_int64_ops_aeabi.S.o
LOAD CMakeFiles/pico_motor_controller.dir/home/dabom_user/pico/pico-sdk/src/rp2_common/pico_float/float_aeabi_rp2040.S.o
LOAD CMakeFiles/pico_motor_controller.dir/home/dabom_user/pico/pico-sdk/src/rp2_common/pico_float/float_init_rom_rp2040.c.o
LOAD CMakeFiles/pico_motor_controller.dir/home/dabom_user/pico/pico-sdk/src/rp2_common/pico_float/float_math.c.o
LOAD CMakeFiles/pico_motor_controller.dir/home/dabom_user/pico/pico-sdk/src/rp2_common/pico_float/float_v1_rom_shim_rp2040.S.o
LOAD CMakeFiles/pico_motor_controller.dir/home/dabom_user/pico/pico-sdk/src/rp2_common/pico_malloc/malloc.c.o
LOAD CMakeFiles/pico_motor_controller.dir/home/dabom_user/pico/pico-sdk/src/rp2_common/pico_mem_ops/mem_ops_aeabi.S.o
LOAD CMakeFiles/pico_motor_controller.dir/home/dabom_user/pico/pico-sdk/src/rp2_common/pico_atomic/atomic.c.o
LOAD CMakeFiles/pico_motor_controller.dir/home/dabom_user/pico/pico-sdk/src/rp2_common/pico_cxx_options/new_delete.cpp.o
LOAD CMakeFiles/pico_motor_controller.dir/home/dabom_user/pico/pico-sdk/src/rp2_common/pico_standard_binary_info/standard_binary_info.c.o
LOAD CMakeFiles/pico_motor_controller.dir/home/dabom_user/pico/pico-sdk/src/rp2_common/pico_printf/printf.c.o
LOAD CMakeFiles/pico_motor_controller.dir/home/dabom_user/pico/pico-sdk/src/rp2_common/pico_crt0/crt0.S.o
LOAD CMakeFiles/pico_motor_controller.dir/home/dabom_user/pico/pico-sdk/src/rp2_common/pico_clib_interface/newlib_interface.c.o
LOAD CMakeFiles/pico_motor_controller.dir/home/dabom_user/pico/pico-sdk/src/rp2_common/pico_clib_interface/cxa_guard.c.o
LOAD CMakeFiles/pico_motor_controller.dir/home/dabom_user/pico/pico-sdk/src/rp2_common/pico_stdio/stdio.c.o
LOAD CMakeFiles/pico_motor_controller.dir/home/dabom_user/pico/pico-sdk/src/rp2_common/pico_thread_local/thread_local.c.o
LOAD pico-sdk/src/rp2040/boot_stage2/CMakeFiles/bs2_default_library.dir/bs2_default_padded_checksummed.S.o
LOAD /usr/lib/gcc/arm-none-eabi/10.3.1/../../../arm-none-eabi/lib/thumb/v6-m/nofp/libstdc++.a
LOAD /usr/lib/gcc/arm-none-eabi/10.3.1/../../../arm-none-eabi/lib/thumb/v6-m/nofp/libm.a
START GROUP
LOAD /usr/lib/gcc/arm-none-eabi/10.3.1/thumb/v6-m/nofp/libgcc.a
LOAD /usr/lib/gcc/arm-none-eabi/10.3.1/../../../arm-none-eabi/lib/thumb/v6-m/nofp/libg.a
LOAD /usr/lib/gcc/arm-none-eabi/10.3.1/../../../arm-none-eabi/lib/thumb/v6-m/nofp/libc.a
END GROUP
                0x0000000020000000                PROVIDE (RAM_ORIGIN = RAM_ORIGIN_DEFAULT)
                0x0000000000040000                PROVIDE (RAM_LENGTH = RAM_LENGTH_DEFAULT)
                0x0000000020040000                PROVIDE (SCRATCH_X_ORIGIN = SCRATCH_X_ORIGIN_DEFAULT)
                0x0000000000001000                PROVIDE (SCRATCH_X_LENGTH = SCRATCH_X_LENGTH_DEFAULT)
                0x0000000020041000                PROVIDE (SCRATCH_Y_ORIGIN = SCRATCH_Y_ORIGIN_DEFAULT)
                0x0000000000001000                PROVIDE (SCRATCH_Y_LENGTH = SCRATCH_Y_LENGTH_DEFAULT)
                0x0000000015000000                PROVIDE (XIP_RAM_ORIGIN = XIP_RAM_ORIGIN_DEFAULT)
                0x0000000000004000                PROVIDE (XIP_RAM_LENGTH = XIP_RAM_LENGTH_DEFAULT)
                0x0000000020000000                RAM_ORIGIN = DEFINED (RAM_ORIGIN)?RAM_ORIGIN:RAM_ORIGIN_DEFAULT
                0x0000000000040000                RAM_LENGTH = DEFINED (RAM_LENGTH)?RAM_LENGTH:RAM_LENGTH_DEFAULT
                0x0000000020040000                SCRATCH_X_ORIGIN = DEFINED (SCRATCH_X_ORIGIN)?SCRATCH_X_ORIGIN:SCRATCH_X_ORIGIN_DEFAULT
                0x0000000000001000                SCRATCH_X_LENGTH = DEFINED (SCRATCH_X_LENGTH)?SCRATCH_X_LENGTH:SCRATCH_X_LENGTH_DEFAULT
                0x0000000020041000                SCRATCH_Y_ORIGIN = DEFINED (SCRATCH_Y_ORIGIN)?SCRATCH_Y_ORIGIN:SCRATCH_Y_ORIGIN_DEFAULT
                0x0000000000001000                SCRATCH_Y_LENGTH = DEFINED (SCRATCH_Y_LENGTH)?SCRATCH_Y_LENGTH:SCRATCH_Y_LENGTH_DEFAULT
                0x0000000015000000                XIP_RAM_ORIGIN = DEFINED (XIP_RAM_ORIGIN)?XIP_RAM_ORIGIN:XIP_RAM_ORIGIN_DEFAULT
                0x0000000000004000                XIP_RAM_LENGTH = DEFINED (XIP_RAM_LENGTH)?XIP_RAM_LENGTH:XIP_RAM_LENGTH_DEFAULT

.flash_begin    0x0000000010000000        0x0
                0x0000000010000000                __flash_binary_start = .

.boot2          0x0000000010000000      0x100
                0x0000000010000000                __boot2_start__ = .
 *(.boot2)
 .boot2         0x0000000010000000      0x100 pico-sdk/src/rp2040/boot_stage2/CMakeFiles/bs2_default_library.dir/bs2_default_padded_checksummed.S.o
                0x0000000010000100                __boot2_end__ = .
                0x0000000000000001                ASSERT (((__boot2_end__ - __boot2_start__) == 0x100), ERROR: Pico second stage bootloader must be exactly 256 bytes in size for RP2040)

.text           0x0000000010000100     0x819c
                0x0000000010000100                __logical_binary_start = .
 *(.vectors)
 .vectors       0x0000000010000100       0xd4 CMakeFiles/pico_motor_controller.dir/home/dabom_user/pico/pico-sdk/src/rp2_common/pico_crt0/crt0.S.o
                0x0000000010000100                __vectors
                0x0000000010000100                __VECTOR_TABLE
                0x00000000100001c0                isr_irq30
                0x00000000100001c0                __unhandled_user_irq
                0x00000000100001c0                isr_irq13
                0x00000000100001c0                isr_irq27
                0x00000000100001c0                isr_irq31
                0x00000000100001c0                isr_irq5
                0x00000000100001c0                isr_irq11
                0x00000000100001c0                isr_irq23
                0x00000000100001c0                isr_irq18
                0x00000000100001c0                isr_irq28
                0x00000000100001c0                isr_irq19
                0x00000000100001c0                isr_irq0
                0x00000000100001c0                isr_irq6
                0x00000000100001c0                isr_irq22
                0x00000000100001c0                isr_irq17
                0x00000000100001c0                isr_irq14
                0x00000000100001c0                __vectors_end
                0x00000000100001c0                __default_isrs_start
                0x00000000100001c0                isr_irq2
                0x00000000100001c0                isr_irq10
                0x00000000100001c0                isr_irq8
                0x00000000100001c0                isr_irq24
                0x00000000100001c0                isr_irq1
                0x00000000100001c0                isr_irq7
                0x00000000100001c0                isr_irq21
                0x00000000100001c0                isr_irq20
                0x00000000100001c0                isr_irq15
                0x00000000100001c0                isr_irq25
                0x00000000100001c0                isr_irq4
                0x00000000100001c0                isr_irq16
                0x00000000100001c0                isr_irq29
                0x00000000100001c0                isr_irq26
                0x00000000100001c0                isr_irq3
                0x00000000100001c0                isr_irq12
                0x00000000100001c0                isr_irq9
                0x00000000100001c6                unhandled_user_irq_num_in_r0
                0x00000000100001c8                isr_invalid
                0x00000000100001ca                isr_nmi
                0x00000000100001cc                isr_hardfault
                0x00000000100001ce                isr_svcall
                0x00000000100001d0                isr_pendsv
                0x00000000100001d2                isr_systick
                0x00000000100001d4                __default_isrs_end
 *(.binary_info_header)
 .binary_info_header
                0x00000000100001d4       0x14 CMakeFiles/pico_motor_controller.dir/home/dabom_user/pico/pico-sdk/src/rp2_common/pico_crt0/crt0.S.o
                0x00000000100001e8                __binary_info_header_end = .
 *(.embedded_block)
                0x00000000100001e8                __embedded_block_end = .
 *(.reset)
 .reset         0x00000000100001e8       0x98 CMakeFiles/pico_motor_controller.dir/home/dabom_user/pico/pico-sdk/src/rp2_common/pico_crt0/crt0.S.o
                0x00000000100001e8                _entry_point
 *(.init)
 *libgcc.a:cmse_nonsecure_call.o()
 *(EXCLUDE_FILE(*libm.a: *lib*_a-mem*.o *libc.a: *libgcc.a:) .text*)
 .text.motor_set_signed_speed
                0x0000000010000280       0xc4 CMakeFiles/pico_motor_controller.dir/main.c.o
 .text.encoder_gpio_callback
                0x0000000010000344       0x78 CMakeFiles/pico_motor_controller.dir/main.c.o
 .text.motor_channel_init.constprop.0
                0x00000000100003bc       0xbc CMakeFiles/pico_motor_controller.dir/main.c.o
 .text.startup.main
                0x0000000010000478     0x11b8 CMakeFiles/pico_motor_controller.dir/main.c.o
                0x0000000010000478                main
 .text.gpio_default_irq_handler
                0x0000000010001630      0x268 CMakeFiles/pico_motor_controller.dir/home/dabom_user/pico/pico-sdk/src/rp2_common/hardware_gpio/gpio.c.o
 .text.gpio_set_function
                0x0000000010001898       0x34 CMakeFiles/pico_motor_controller.dir/home/dabom_user/pico/pico-sdk/src/rp2_common/hardware_gpio/gpio.c.o
                0x0000000010001898                gpio_set_function
 .text.gpio_set_pulls
                0x00000000100018cc       0x34 CMakeFiles/pico_motor_controller.dir/home/dabom_user/pico/pico-sdk/src/rp2_common/hardware_gpio/gpio.c.o
                0x00000000100018cc                gpio_set_pulls
 .text.gpio_set_irq_enabled
                0x0000000010001900       0x4c CMakeFiles/pico_motor_controller.dir/home/dabom_user/pico/pico-sdk/src/rp2_common/hardware_gpio/gpio.c.o
                0x0000000010001900                gpio_set_irq_enabled
 .text.gpio_set_irq_enabled_with_callback
                0x000000001000194c       0xfc CMakeFiles/pico_motor_controller.dir/home/dabom_user/pico/pico-sdk/src/rp2_common/hardware_gpio/gpio.c.o
                0x000000001000194c                gpio_set_irq_enabled_with_callback
 .text.gpio_init
                0x0000000010001a48       0x40 CMakeFiles/pico_motor_controller.dir/home/dabom_user/pico/pico-sdk/src/rp2_common/hardware_gpio/gpio.c.o
                0x0000000010001a48                gpio_init
 .text.panic    0x0000000010001a88       0x30 CMakeFiles/pico_motor_controller.dir/home/dabom_user/pico/pico-sdk/src/rp2_common/pico_platform_panic/panic.c.o
                0x0000000010001a88                panic
 .text.hw_claim_or_assert
                0x0000000010001ab8       0x44 CMakeFiles/pico_motor_controller.dir/home/dabom_user/pico/pico-sdk/src/common/hardware_claim/claim.c.o
                0x0000000010001ab8                hw_claim_or_assert
 .text.next_striped_spin_lock_num
                0x0000000010001afc       0x18 CMakeFiles/pico_motor_controller.dir/home/dabom_user/pico/pico-sdk/src/rp2_common/hardware_sync/sync.c.o
                0x0000000010001afc                next_striped_spin_lock_num
 .text.spin_locks_reset
                0x0000000010001b14       0x1c CMakeFiles/pico_motor_controller.dir/home/dabom_user/pico/pico-sdk/src/rp2_common/hardware_sync_spin_lock/sync_spin_lock.c.o
                0x0000000010001b14                spin_locks_reset
 .text.runtime_init_per_core_irq_priorities
                0x0000000010001b30       0x24 CMakeFiles/pico_motor_controller.dir/home/dabom_user/pico/pico-sdk/src/rp2_common/hardware_irq/irq.c.o
                0x0000000010001b30                runtime_init_per_core_irq_priorities
 .text.irq_set_enabled
                0x0000000010001b54       0x24 CMakeFiles/pico_motor_controller.dir/home/dabom_user/pico/pico-sdk/src/rp2_common/hardware_irq/irq.c.o
                0x0000000010001b54                irq_set_enabled
 .text.irq_set_exclusive_handler
                0x0000000010001b78       0x54 CMakeFiles/pico_motor_controller.dir/home/dabom_user/pico/pico-sdk/src/rp2_common/hardware_irq/irq.c.o
                0x0000000010001b78                irq_set_exclusive_handler
 .text.irq_add_shared_handler
                0x0000000010001bcc      0x1b0 CMakeFiles/pico_motor_controller.dir/home/dabom_user/pico/pico-sdk/src/rp2_common/hardware_irq/irq.c.o
                0x0000000010001bcc                irq_add_shared_handler
 .text.irq_remove_handler
                0x0000000010001d7c      0x1c4 CMakeFiles/pico_motor_controller.dir/home/dabom_user/pico/pico-sdk/src/rp2_common/hardware_irq/irq.c.o
                0x0000000010001d7c                irq_remove_handler
 .text.irq_add_tail_to_free_list
                0x0000000010001f40       0xb4 CMakeFiles/pico_motor_controller.dir/home/dabom_user/pico/pico-sdk/src/rp2_common/hardware_irq/irq.c.o
                0x0000000010001f40                irq_add_tail_to_free_list
 .text.lock_init
                0x0000000010001ff4       0x10 CMakeFiles/pico_motor_controller.dir/home/dabom_user/pico/pico-sdk/src/common/pico_sync/lock_core.c.o
                0x0000000010001ff4                lock_init
 .text.runtime_init_mutex
                0x0000000010002004       0x58 CMakeFiles/pico_motor_controller.dir/home/dabom_user/pico/pico-sdk/src/common/pico_sync/mutex.c.o
                0x0000000010002004                runtime_init_mutex
 .text.sleep_until_callback
                0x000000001000205c       0x30 CMakeFiles/pico_motor_controller.dir/home/dabom_user/pico/pico-sdk/src/common/pico_time/time.c.o
 .text.alarm_pool_irq_handler
                0x000000001000208c      0x308 CMakeFiles/pico_motor_controller.dir/home/dabom_user/pico/pico-sdk/src/common/pico_time/time.c.o
 .text.runtime_init_default_alarm_pool
                0x0000000010002394       0xdc CMakeFiles/pico_motor_controller.dir/home/dabom_user/pico/pico-sdk/src/common/pico_time/time.c.o
                0x0000000010002394                runtime_init_default_alarm_pool
 .text.alarm_pool_add_alarm_at_force_in_context
                0x0000000010002470       0xb0 CMakeFiles/pico_motor_controller.dir/home/dabom_user/pico/pico-sdk/src/common/pico_time/time.c.o
                0x0000000010002470                alarm_pool_add_alarm_at_force_in_context
 .text.alarm_pool_cancel_alarm
                0x0000000010002520       0x7c CMakeFiles/pico_motor_controller.dir/home/dabom_user/pico/pico-sdk/src/common/pico_time/time.c.o
                0x0000000010002520                alarm_pool_cancel_alarm
 .text.sleep_until
                0x000000001000259c       0xd0 CMakeFiles/pico_motor_controller.dir/home/dabom_user/pico/pico-sdk/src/common/pico_time/time.c.o
                0x000000001000259c                sleep_until
 .text.sleep_ms
                0x000000001000266c       0x34 CMakeFiles/pico_motor_controller.dir/home/dabom_user/pico/pico-sdk/src/common/pico_time/time.c.o
                0x000000001000266c                sleep_ms
 .text.best_effort_wfe_or_timeout
                0x00000000100026a0      0x11c CMakeFiles/pico_motor_controller.dir/home/dabom_user/pico/pico-sdk/src/common/pico_time/time.c.o
                0x00000000100026a0                best_effort_wfe_or_timeout
 .text.timer_hardware_alarm_claim
                0x00000000100027bc       0x14 CMakeFiles/pico_motor_controller.dir/home/dabom_user/pico/pico-sdk/src/rp2_common/hardware_timer/timer.c.o
                0x00000000100027bc                timer_hardware_alarm_claim
 .text.timer_time_us_64
                0x00000000100027d0       0x10 CMakeFiles/pico_motor_controller.dir/home/dabom_user/pico/pico-sdk/src/rp2_common/hardware_timer/timer.c.o
                0x00000000100027d0                timer_time_us_64
 .text.time_us_64
                0x00000000100027e0       0x14 CMakeFiles/pico_motor_controller.dir/home/dabom_user/pico/pico-sdk/src/rp2_common/hardware_timer/timer.c.o
                0x00000000100027e0                time_us_64
 .text.busy_wait_us
                0x00000000100027f4       0x54 CMakeFiles/pico_motor_controller.dir/home/dabom_user/pico/pico-sdk/src/rp2_common/hardware_timer/timer.c.o
                0x00000000100027f4                busy_wait_us
 .text.busy_wait_until
                0x0000000010002848       0x20 CMakeFiles/pico_motor_controller.dir/home/dabom_user/pico/pico-sdk/src/rp2_common/hardware_timer/timer.c.o
                0x0000000010002848                busy_wait_until
 .text.uart_init
                0x0000000010002868      0x11c CMakeFiles/pico_motor_controller.dir/home/dabom_user/pico/pico-sdk/src/rp2_common/hardware_uart/uart.c.o
                0x0000000010002868                uart_init
 .text.uart_set_format
                0x0000000010002984       0x78 CMakeFiles/pico_motor_controller.dir/home/dabom_user/pico/pico-sdk/src/rp2_common/hardware_uart/uart.c.o
                0x0000000010002984                uart_set_format
 .text.uart_set_fifo_enabled
                0x00000000100029fc       0x60 CMakeFiles/pico_motor_controller.dir/home/dabom_user/pico/pico-sdk/src/rp2_common/hardware_uart/uart.c.o
                0x00000000100029fc                uart_set_fifo_enabled
 .text.clock_configure_int_divider
                0x0000000010002a5c       0xf4 CMakeFiles/pico_motor_controller.dir/home/dabom_user/pico/pico-sdk/src/rp2_common/hardware_clocks/clocks.c.o
                0x0000000010002a5c                clock_configure_int_divider
 .text.clock_configure_undivided
                0x0000000010002b50       0xe8 CMakeFiles/pico_motor_controller.dir/home/dabom_user/pico/pico-sdk/src/rp2_common/hardware_clocks/clocks.c.o
                0x0000000010002b50                clock_configure_undivided
 .text.clock_get_hz
                0x0000000010002c38        0xc CMakeFiles/pico_motor_controller.dir/home/dabom_user/pico/pico-sdk/src/rp2_common/hardware_clocks/clocks.c.o
                0x0000000010002c38                clock_get_hz
 .text.pll_init
                0x0000000010002c44       0xa0 CMakeFiles/pico_motor_controller.dir/home/dabom_user/pico/pico-sdk/src/rp2_common/hardware_pll/pll.c.o
                0x0000000010002c44                pll_init
 .text.tick_start
                0x0000000010002ce4       0x10 CMakeFiles/pico_motor_controller.dir/home/dabom_user/pico/pico-sdk/src/rp2_common/hardware_ticks/ticks.c.o
                0x0000000010002ce4                tick_start
 .text.rom_func_lookup
                0x0000000010002cf4       0x10 CMakeFiles/pico_motor_controller.dir/home/dabom_user/pico/pico-sdk/src/rp2_common/pico_bootrom/bootrom.c.o
                0x0000000010002cf4                rom_func_lookup
 .text.rom_data_lookup
                0x0000000010002d04       0x10 CMakeFiles/pico_motor_controller.dir/home/dabom_user/pico/pico-sdk/src/rp2_common/pico_bootrom/bootrom.c.o
                0x0000000010002d04                rom_data_lookup
 .text.rom_funcs_lookup
                0x0000000010002d14       0x44 CMakeFiles/pico_motor_controller.dir/home/dabom_user/pico/pico-sdk/src/rp2_common/pico_bootrom/bootrom.c.o
                0x0000000010002d14                rom_funcs_lookup
 .text.xosc_init
                0x0000000010002d58       0x28 CMakeFiles/pico_motor_controller.dir/home/dabom_user/pico/pico-sdk/src/rp2_common/hardware_xosc/xosc.c.o
                0x0000000010002d58                xosc_init
 .text.first_per_core_initializer
                0x0000000010002d80        0x4 CMakeFiles/pico_motor_controller.dir/home/dabom_user/pico/pico-sdk/src/rp2_common/pico_runtime/runtime.c.o
 .text.hard_assertion_failure
                0x0000000010002d84        0xc CMakeFiles/pico_motor_controller.dir/home/dabom_user/pico/pico-sdk/src/rp2_common/pico_runtime/runtime.c.o
                0x0000000010002d84                hard_assertion_failure
 .text.runtime_run_initializers
                0x0000000010002d90       0x28 CMakeFiles/pico_motor_controller.dir/home/dabom_user/pico/pico-sdk/src/rp2_common/pico_runtime/runtime.c.o
                0x0000000010002d90                runtime_run_initializers
 .text.runtime_init_early_resets
                0x0000000010002db8       0x2c CMakeFiles/pico_motor_controller.dir/home/dabom_user/pico/pico-sdk/src/rp2_common/pico_runtime_init/runtime_init.c.o
                0x0000000010002db8                runtime_init_early_resets
 .text.runtime_init_usb_power_down
                0x0000000010002de4       0x1c CMakeFiles/pico_motor_controller.dir/home/dabom_user/pico/pico-sdk/src/rp2_common/pico_runtime_init/runtime_init.c.o
                0x0000000010002de4                runtime_init_usb_power_down
 .text.runtime_init_post_clock_resets
                0x0000000010002e00       0x20 CMakeFiles/pico_motor_controller.dir/home/dabom_user/pico/pico-sdk/src/rp2_common/pico_runtime_init/runtime_init.c.o
                0x0000000010002e00                runtime_init_post_clock_resets
 .text.runtime_init_rp2040_gpio_ie_disable
                0x0000000010002e20       0x14 CMakeFiles/pico_motor_controller.dir/home/dabom_user/pico/pico-sdk/src/rp2_common/pico_runtime_init/runtime_init.c.o
                0x0000000010002e20                runtime_init_rp2040_gpio_ie_disable
 .text.runtime_init_spin_locks_reset
                0x0000000010002e34        0x8 CMakeFiles/pico_motor_controller.dir/home/dabom_user/pico/pico-sdk/src/rp2_common/pico_runtime_init/runtime_init.c.o
                0x0000000010002e34                runtime_init_spin_locks_reset
 .text.runtime_init_install_ram_vector_table
                0x0000000010002e3c       0xb4 CMakeFiles/pico_motor_controller.dir/home/dabom_user/pico/pico-sdk/src/rp2_common/pico_runtime_init/runtime_init.c.o
                0x0000000010002e3c                runtime_init_install_ram_vector_table
 .text.runtime_init_clocks
                0x0000000010002ef0       0xd8 CMakeFiles/pico_motor_controller.dir/home/dabom_user/pico/pico-sdk/src/rp2_common/pico_runtime_init/runtime_init_clocks.c.o
                0x0000000010002ef0                runtime_init_clocks
 .text          0x0000000010002fc8       0x10 CMakeFiles/pico_motor_controller.dir/home/dabom_user/pico/pico-sdk/src/rp2_common/pico_bit_ops/bit_ops_aeabi.S.o
 .text.__wrap___aeabi_idiv
                0x0000000010002fd8       0x50 CMakeFiles/pico_motor_controller.dir/home/dabom_user/pico/pico-sdk/src/rp2_common/pico_divider/divider_hardware.S.o
                0x0000000010002fd8                __wrap___aeabi_idivmod
                0x0000000010002fd8                divmod_s32s32
                0x0000000010002fd8                div_s32s32
                0x0000000010002fd8                __wrap___aeabi_idiv
                0x000000001000300c                divmod_s32s32_savestate
 .text.__wrap___aeabi_uidiv
                0x0000000010003028       0x4c CMakeFiles/pico_motor_controller.dir/home/dabom_user/pico/pico-sdk/src/rp2_common/pico_divider/divider_hardware.S.o
                0x0000000010003028                __wrap___aeabi_uidiv
                0x0000000010003028                __wrap___aeabi_uidivmod
                0x0000000010003028                div_u32u32
                0x0000000010003028                divmod_u32u32
                0x0000000010003058                divmod_u32u32_savestate
 .text.__wrap___aeabi_ldiv
                0x0000000010003074      0x424 CMakeFiles/pico_motor_controller.dir/home/dabom_user/pico/pico-sdk/src/rp2_common/pico_divider/divider_hardware.S.o
                0x0000000010003074                div_s64s64
                0x0000000010003074                divmod_s64s64
                0x0000000010003074                __wrap___aeabi_ldivmod
                0x00000000100030a4                div_u64u64
                0x00000000100030a4                divmod_u64u64
                0x00000000100030a4                __wrap___aeabi_uldivmod
                0x00000000100030b4                divmod_u64u64_savestate
                0x00000000100030d4                divmod_s64s64_unsafe
                0x000000001000315c                divmod_u64u64_unsafe
 .text.__wrap___aeabi_darithmetic
                0x0000000010003498       0x60 CMakeFiles/pico_motor_controller.dir/home/dabom_user/pico/pico-sdk/src/rp2_common/pico_double/double_aeabi_rp2040.S.o
                0x0000000010003498                __wrap___aeabi_drsub
                0x000000001000349e                __wrap___aeabi_dsub
                0x00000000100034a8                __wrap___aeabi_dadd
                0x00000000100034b2                __wrap___aeabi_ddiv
                0x00000000100034e6                __wrap___aeabi_dmul
 .text.__wrap___aeabi_cdcmple
                0x00000000100034f8       0x6c CMakeFiles/pico_motor_controller.dir/home/dabom_user/pico/pico-sdk/src/rp2_common/pico_double/double_aeabi_rp2040.S.o
                0x00000000100034f8                __wrap___aeabi_cdrcmple
                0x0000000010003508                __wrap___aeabi_cdcmple
                0x0000000010003508                __wrap___aeabi_cdcmpeq
 .text.__wrap___aeabi_dcmpeq
                0x0000000010003564       0x10 CMakeFiles/pico_motor_controller.dir/home/dabom_user/pico/pico-sdk/src/rp2_common/pico_double/double_aeabi_rp2040.S.o
                0x0000000010003564                __wrap___aeabi_dcmpeq
 .text.__wrap___aeabi_dcmplt
                0x0000000010003574        0xc CMakeFiles/pico_motor_controller.dir/home/dabom_user/pico/pico-sdk/src/rp2_common/pico_double/double_aeabi_rp2040.S.o
                0x0000000010003574                __wrap___aeabi_dcmplt
 .text.__wrap___aeabi_dcmple
                0x0000000010003580       0x10 CMakeFiles/pico_motor_controller.dir/home/dabom_user/pico/pico-sdk/src/rp2_common/pico_double/double_aeabi_rp2040.S.o
                0x0000000010003580                __wrap___aeabi_dcmple
 .text.__wrap___aeabi_dcmpge
                0x0000000010003590       0x10 CMakeFiles/pico_motor_controller.dir/home/dabom_user/pico/pico-sdk/src/rp2_common/pico_double/double_aeabi_rp2040.S.o
                0x0000000010003590                __wrap___aeabi_dcmpge
 .text.__wrap___aeabi_dcmpgt
                0x00000000100035a0        0xa CMakeFiles/pico_motor_controller.dir/home/dabom_user/pico/pico-sdk/src/rp2_common/pico_double/double_aeabi_rp2040.S.o
                0x00000000100035a0                __wrap___aeabi_dcmpgt
 .text.__wrap___aeabi_dcmpun
                0x00000000100035aa       0x18 CMakeFiles/pico_motor_controller.dir/home/dabom_user/pico/pico-sdk/src/rp2_common/pico_double/double_aeabi_rp2040.S.o
                0x00000000100035aa                __wrap___aeabi_dcmpun
 *fill*         0x00000000100035c2        0x2 
 .text.__wrap___aeabi_i2d
                0x00000000100035c4       0x38 CMakeFiles/pico_motor_controller.dir/home/dabom_user/pico/pico-sdk/src/rp2_common/pico_double/double_aeabi_rp2040.S.o
                0x00000000100035c4                __wrap___aeabi_ui2d
                0x00000000100035c4                uint2double
                0x00000000100035cc                __wrap___aeabi_i2d
                0x00000000100035cc                int2double
 .text.__wrap___aeabi_d2iz
                0x00000000100035fc       0x48 CMakeFiles/pico_motor_controller.dir/home/dabom_user/pico/pico-sdk/src/rp2_common/pico_double/double_aeabi_rp2040.S.o
                0x00000000100035fc                __wrap___aeabi_d2iz
                0x00000000100035fc                double2int_z
 .text.__wrap___aeabi_d2uiz
                0x0000000010003644       0x10 CMakeFiles/pico_motor_controller.dir/home/dabom_user/pico/pico-sdk/src/rp2_common/pico_double/double_aeabi_rp2040.S.o
                0x0000000010003644                double2uint_z
                0x0000000010003644                double2uint
                0x0000000010003644                __wrap___aeabi_d2uiz
 .text.__wrap___aeabi_l2d
                0x0000000010003654       0x10 CMakeFiles/pico_motor_controller.dir/home/dabom_user/pico/pico-sdk/src/rp2_common/pico_double/double_aeabi_rp2040.S.o
                0x0000000010003654                __wrap___aeabi_l2d
                0x0000000010003654                int642double
 .text.__wrap___aeabi_d2lz
                0x0000000010003664       0x26 CMakeFiles/pico_motor_controller.dir/home/dabom_user/pico/pico-sdk/src/rp2_common/pico_double/double_aeabi_rp2040.S.o
                0x0000000010003664                __wrap___aeabi_d2lz
                0x0000000010003664                double2int64_z
 *fill*         0x000000001000368a        0x2 
 .text.double2int64
                0x000000001000368c       0x10 CMakeFiles/pico_motor_controller.dir/home/dabom_user/pico/pico-sdk/src/rp2_common/pico_double/double_aeabi_rp2040.S.o
                0x000000001000368c                double2int64
 .text.double2ufix64
                0x000000001000369c       0x10 CMakeFiles/pico_motor_controller.dir/home/dabom_user/pico/pico-sdk/src/rp2_common/pico_double/double_aeabi_rp2040.S.o
                0x000000001000369c                double2ufix64
                0x000000001000369c                double2ufix64_z
 .text.__wrap___aeabi_d2f
                0x00000000100036ac       0x10 CMakeFiles/pico_motor_controller.dir/home/dabom_user/pico/pico-sdk/src/rp2_common/pico_double/double_aeabi_rp2040.S.o
                0x00000000100036ac                __wrap___aeabi_d2f
 .text.missing_double_func_shim
                0x00000000100036bc        0xc CMakeFiles/pico_motor_controller.dir/home/dabom_user/pico/pico-sdk/src/rp2_common/pico_double/double_init_rom_rp2040.c.o
 .text.__aeabi_double_init
                0x00000000100036c8       0xa4 CMakeFiles/pico_motor_controller.dir/home/dabom_user/pico/pico-sdk/src/rp2_common/pico_double/double_init_rom_rp2040.c.o
                0x00000000100036c8                __aeabi_double_init
 .text.double_table_shim_on_use_helper
                0x000000001000376c       0x2c CMakeFiles/pico_motor_controller.dir/home/dabom_user/pico/pico-sdk/src/rp2_common/pico_double/double_v1_rom_shim_rp2040.S.o
                0x000000001000376c                double_table_shim_on_use_helper
 .text.__aeabi_lmul
                0x0000000010003798       0x32 CMakeFiles/pico_motor_controller.dir/home/dabom_user/pico/pico-sdk/src/rp2_common/pico_int64_ops/pico_int64_ops_aeabi.S.o
                0x0000000010003798                __wrap___aeabi_lmul
 *fill*         0x00000000100037ca        0x2 
 .text.__wrap___aeabi_farithmetic
                0x00000000100037cc       0x48 CMakeFiles/pico_motor_controller.dir/home/dabom_user/pico/pico-sdk/src/rp2_common/pico_float/float_aeabi_rp2040.S.o
                0x00000000100037cc                __wrap___aeabi_frsub
                0x00000000100037d2                __wrap___aeabi_fsub
                0x00000000100037d8                __wrap___aeabi_fadd
                0x00000000100037de                __wrap___aeabi_fdiv
                0x0000000010003806                __wrap___aeabi_fmul
 .text.__wrap___aeabi_cfcmple
                0x0000000010003814       0x50 CMakeFiles/pico_motor_controller.dir/home/dabom_user/pico/pico-sdk/src/rp2_common/pico_float/float_aeabi_rp2040.S.o
                0x0000000010003814                __wrap___aeabi_cfrcmple
                0x0000000010003820                __wrap___aeabi_cfcmpeq
                0x0000000010003820                __wrap___aeabi_cfcmple
 .text.__wrap___aeabi_fcmplt
                0x0000000010003864        0xc CMakeFiles/pico_motor_controller.dir/home/dabom_user/pico/pico-sdk/src/rp2_common/pico_float/float_aeabi_rp2040.S.o
                0x0000000010003864                __wrap___aeabi_fcmplt
 .text.__wrap___aeabi_fcmple
                0x0000000010003870       0x10 CMakeFiles/pico_motor_controller.dir/home/dabom_user/pico/pico-sdk/src/rp2_common/pico_float/float_aeabi_rp2040.S.o
                0x0000000010003870                __wrap___aeabi_fcmple
 .text.__wrap___aeabi_fcmpge
                0x0000000010003880       0x10 CMakeFiles/pico_motor_controller.dir/home/dabom_user/pico/pico-sdk/src/rp2_common/pico_float/float_aeabi_rp2040.S.o
                0x0000000010003880                __wrap___aeabi_fcmpge
 .text.__wrap___aeabi_fcmpgt
                0x0000000010003890        0xa CMakeFiles/pico_motor_controller.dir/home/dabom_user/pico/pico-sdk/src/rp2_common/pico_float/float_aeabi_rp2040.S.o
                0x0000000010003890                __wrap___aeabi_fcmpgt
 .text.__wrap___aeabi_fcmpun
                0x000000001000389a       0x18 CMakeFiles/pico_motor_controller.dir/home/dabom_user/pico/pico-sdk/src/rp2_common/pico_float/float_aeabi_rp2040.S.o
                0x000000001000389a                __wrap___aeabi_fcmpun
 .text.__wrap___aeabi_ui2f
                0x00000000100038b2        0xa CMakeFiles/pico_motor_controller.dir/home/dabom_user/pico/pico-sdk/src/rp2_common/pico_float/float_aeabi_rp2040.S.o
                0x00000000100038b2                uint2float
                0x00000000100038b2                __wrap___aeabi_ui2f
 .text.__wrap___aeabi_i2f
                0x00000000100038bc       0x44 CMakeFiles/pico_motor_controller.dir/home/dabom_user/pico/pico-sdk/src/rp2_common/pico_float/float_aeabi_rp2040.S.o
                0x00000000100038bc                int2float
                0x00000000100038bc                __wrap___aeabi_i2f
 .text.__wrap___aeabi_f2uiz
                0x0000000010003900        0xc CMakeFiles/pico_motor_controller.dir/home/dabom_user/pico/pico-sdk/src/rp2_common/pico_float/float_aeabi_rp2040.S.o
                0x0000000010003900                float2uint
                0x0000000010003900                float2uint_z
                0x0000000010003900                __wrap___aeabi_f2uiz
 .text.missing_float_func_shim
                0x000000001000390c        0xc CMakeFiles/pico_motor_controller.dir/home/dabom_user/pico/pico-sdk/src/rp2_common/pico_float/float_init_rom_rp2040.c.o
 .text.__aeabi_float_init
                0x0000000010003918       0x5c CMakeFiles/pico_motor_controller.dir/home/dabom_user/pico/pico-sdk/src/rp2_common/pico_float/float_init_rom_rp2040.c.o
                0x0000000010003918                __aeabi_float_init
 .text          0x0000000010003974       0x10 CMakeFiles/pico_motor_controller.dir/home/dabom_user/pico/pico-sdk/src/rp2_common/pico_mem_ops/mem_ops_aeabi.S.o
                0x0000000010003974                __aeabi_mem_init
 .text.memset   0x0000000010003984        0xc CMakeFiles/pico_motor_controller.dir/home/dabom_user/pico/pico-sdk/src/rp2_common/pico_mem_ops/mem_ops_aeabi.S.o
                0x0000000010003984                __wrap_memset
 .text.memcpy   0x0000000010003990        0xc CMakeFiles/pico_motor_controller.dir/home/dabom_user/pico/pico-sdk/src/rp2_common/pico_mem_ops/mem_ops_aeabi.S.o
                0x0000000010003990                __wrap___aeabi_memcpy
                0x0000000010003990                __wrap_memcpy
 .text._out_buffer
                0x000000001000399c        0x8 CMakeFiles/pico_motor_controller.dir/home/dabom_user/pico/pico-sdk/src/rp2_common/pico_printf/printf.c.o
 .text._out_null
                0x00000000100039a4        0x4 CMakeFiles/pico_motor_controller.dir/home/dabom_user/pico/pico-sdk/src/rp2_common/pico_printf/printf.c.o
 .text._out_rev
                0x00000000100039a8       0x9c CMakeFiles/pico_motor_controller.dir/home/dabom_user/pico/pico-sdk/src/rp2_common/pico_printf/printf.c.o
 .text._ntoa_format
                0x0000000010003a44      0x1cc CMakeFiles/pico_motor_controller.dir/home/dabom_user/pico/pico-sdk/src/rp2_common/pico_printf/printf.c.o
 .text._out_char
                0x0000000010003c10       0x10 CMakeFiles/pico_motor_controller.dir/home/dabom_user/pico/pico-sdk/src/rp2_common/pico_printf/printf.c.o
 .text._etoa    0x0000000010003c20      0x44c CMakeFiles/pico_motor_controller.dir/home/dabom_user/pico/pico-sdk/src/rp2_common/pico_printf/printf.c.o
 .text._ftoa    0x000000001000406c      0x398 CMakeFiles/pico_motor_controller.dir/home/dabom_user/pico/pico-sdk/src/rp2_common/pico_printf/printf.c.o
 .text._vsnprintf
                0x0000000010004404      0xb04 CMakeFiles/pico_motor_controller.dir/home/dabom_user/pico/pico-sdk/src/rp2_common/pico_printf/printf.c.o
 .text.__wrap_snprintf
                0x0000000010004f08       0x28 CMakeFiles/pico_motor_controller.dir/home/dabom_user/pico/pico-sdk/src/rp2_common/pico_printf/printf.c.o
                0x0000000010004f08                __wrap_snprintf
 .text.weak_raw_printf
                0x0000000010004f30       0x40 CMakeFiles/pico_motor_controller.dir/home/dabom_user/pico/pico-sdk/src/rp2_common/pico_printf/printf.c.o
                0x0000000010004f30                weak_raw_printf
 .text.weak_raw_vprintf
                0x0000000010004f70       0x30 CMakeFiles/pico_motor_controller.dir/home/dabom_user/pico/pico-sdk/src/rp2_common/pico_printf/printf.c.o
                0x0000000010004f70                weak_raw_vprintf
 .text._exit    0x0000000010004fa0        0x4 CMakeFiles/pico_motor_controller.dir/home/dabom_user/pico/pico-sdk/src/rp2_common/pico_clib_interface/newlib_interface.c.o
                0x0000000010004fa0                _exit
 .text._fini    0x0000000010004fa4        0x4 CMakeFiles/pico_motor_controller.dir/home/dabom_user/pico/pico-sdk/src/rp2_common/pico_clib_interface/newlib_interface.c.o
                0x0000000010004fa4                _fini
 .text._sbrk    0x0000000010004fa8       0x34 CMakeFiles/pico_motor_controller.dir/home/dabom_user/pico/pico-sdk/src/rp2_common/pico_clib_interface/newlib_interface.c.o
                0x0000000010004fa8                _sbrk
 .text.exit     0x0000000010004fdc        0x8 CMakeFiles/pico_motor_controller.dir/home/dabom_user/pico/pico-sdk/src/rp2_common/pico_clib_interface/newlib_interface.c.o
                0x0000000010004fdc                exit
 .text.__assert_func
                0x0000000010004fe4       0x34 CMakeFiles/pico_motor_controller.dir/home/dabom_user/pico/pico-sdk/src/rp2_common/pico_clib_interface/newlib_interface.c.o
                0x0000000010004fe4                __assert_func
 .text.runtime_init
                0x0000000010005018       0x2c CMakeFiles/pico_motor_controller.dir/home/dabom_user/pico/pico-sdk/src/rp2_common/pico_clib_interface/newlib_interface.c.o
                0x0000000010005018                runtime_init
 .text.stdio_out_chars_no_crlf
                0x0000000010005044       0x10 CMakeFiles/pico_motor_controller.dir/home/dabom_user/pico/pico-sdk/src/rp2_common/pico_stdio/stdio.c.o
 .text.stdio_out_chars_crlf
                0x0000000010005054       0xb4 CMakeFiles/pico_motor_controller.dir/home/dabom_user/pico/pico-sdk/src/rp2_common/pico_stdio/stdio.c.o
 .text.stdio_put_string
                0x0000000010005108      0x100 CMakeFiles/pico_motor_controller.dir/home/dabom_user/pico/pico-sdk/src/rp2_common/pico_stdio/stdio.c.o
                0x0000000010005108                stdio_put_string
 .text.__wrap_putchar
                0x0000000010005208       0x98 CMakeFiles/pico_motor_controller.dir/home/dabom_user/pico/pico-sdk/src/rp2_common/pico_stdio/stdio.c.o
                0x0000000010005208                stdio_putchar
                0x0000000010005208                __wrap_putchar
 .text.__wrap_puts
                0x00000000100052a0       0x3c CMakeFiles/pico_motor_controller.dir/home/dabom_user/pico/pico-sdk/src/rp2_common/pico_stdio/stdio.c.o
                0x00000000100052a0                __wrap_puts
                0x00000000100052a0                stdio_puts
 .text          0x00000000100052dc       0x5c /usr/lib/gcc/arm-none-eabi/10.3.1/../../../arm-none-eabi/lib/thumb/v6-m/nofp/libg.a(lib_a-callocr.o)
                0x00000000100052dc                _calloc_r
 .text          0x0000000010005338      0x574 /usr/lib/gcc/arm-none-eabi/10.3.1/../../../arm-none-eabi/lib/thumb/v6-m/nofp/libg.a(lib_a-mallocr.o)
                0x0000000010005338                _malloc_r
 .text          0x00000000100058ac        0x8 /usr/lib/gcc/arm-none-eabi/10.3.1/../../../arm-none-eabi/lib/thumb/v6-m/nofp/libg.a(lib_a-mlock.o)
                0x00000000100058ac                __malloc_lock
                0x00000000100058b0                __malloc_unlock
 .text          0x00000000100058b4       0x24 /usr/lib/gcc/arm-none-eabi/10.3.1/../../../arm-none-eabi/lib/thumb/v6-m/nofp/libg.a(lib_a-sbrkr.o)
                0x00000000100058b4                _sbrk_r
 .text          0x00000000100058d8       0x88 /usr/lib/gcc/arm-none-eabi/10.3.1/../../../arm-none-eabi/lib/thumb/v6-m/nofp/libg.a(lib_a-strcmp.o)
                0x00000000100058d8                strcmp
 .text          0x0000000010005960       0x5c /usr/lib/gcc/arm-none-eabi/10.3.1/../../../arm-none-eabi/lib/thumb/v6-m/nofp/libg.a(lib_a-strlen-stub.o)
                0x0000000010005960                strlen
 .text          0x00000000100059bc     0x1128 /usr/lib/gcc/arm-none-eabi/10.3.1/../../../arm-none-eabi/lib/thumb/v6-m/nofp/libg.a(lib_a-strtod.o)
                0x00000000100059bc                _strtod_l
                0x000000001000693c                _strtod_r
                0x000000001000694c                strtod_l
                0x0000000010006964                strtod
                0x0000000010006980                strtof_l
                0x0000000010006a30                strtof
 .text          0x0000000010006ae4       0x78 /usr/lib/gcc/arm-none-eabi/10.3.1/../../../arm-none-eabi/lib/thumb/v6-m/nofp/libg.a(lib_a-strtok_r.o)
                0x0000000010006ae4                __strtok_r
                0x0000000010006b50                strtok_r
 .text          0x0000000010006b5c      0x260 /usr/lib/gcc/arm-none-eabi/10.3.1/../../../arm-none-eabi/lib/thumb/v6-m/nofp/libg.a(lib_a-freer.o)
                0x0000000010006b5c                _malloc_trim_r
                0x0000000010006bf8                _free_r
 .text          0x0000000010006dbc      0x670 /usr/lib/gcc/arm-none-eabi/10.3.1/../../../arm-none-eabi/lib/thumb/v6-m/nofp/libg.a(lib_a-gdtoa-gethex.o)
                0x0000000010006e60                __gethex
 .text          0x000000001000742c      0x1fc /usr/lib/gcc/arm-none-eabi/10.3.1/../../../arm-none-eabi/lib/thumb/v6-m/nofp/libg.a(lib_a-gdtoa-hexnan.o)
                0x000000001000742c                __match
                0x0000000010007458                __hexnan
 .text          0x0000000010007628       0x44 /usr/lib/gcc/arm-none-eabi/10.3.1/../../../arm-none-eabi/lib/thumb/v6-m/nofp/libg.a(lib_a-mbtowc_r.o)
                0x0000000010007628                _mbtowc_r
                0x0000000010007640                __ascii_mbtowc
 .text          0x000000001000766c      0xafc /usr/lib/gcc/arm-none-eabi/10.3.1/../../../arm-none-eabi/lib/thumb/v6-m/nofp/libg.a(lib_a-mprec.o)
                0x000000001000766c                _Balloc
                0x00000000100076bc                _Bfree
                0x00000000100076d0                __multadd
                0x0000000010007778                __s2b
                0x0000000010007828                __hi0bits
                0x0000000010007860                __lo0bits
                0x00000000100078bc                __i2b
                0x000000001000791c                __multiply
                0x0000000010007ac0                __pow5mult
                0x0000000010007b98                __lshift
                0x0000000010007c94                __mcmp
                0x0000000010007cc8                __mdiff
                0x0000000010007e54                __ulp
                0x0000000010007e9c                __b2d
                0x0000000010007f64                __d2b
                0x000000001000803c                __ratio
                0x00000000100080a4                _mprec_log10
                0x00000000100080d8                __copybits
                0x0000000010008118                __any_on
 .text          0x0000000010008168        0xc /usr/lib/gcc/arm-none-eabi/10.3.1/../../../arm-none-eabi/lib/thumb/v6-m/nofp/libg.a(lib_a-s_nan.o)
                0x0000000010008168                nan
 .text          0x0000000010008174        0x8 /usr/lib/gcc/arm-none-eabi/10.3.1/../../../arm-none-eabi/lib/thumb/v6-m/nofp/libg.a(lib_a-sf_nan.o)
                0x0000000010008174                nanf
 .text          0x000000001000817c       0x74 /usr/lib/gcc/arm-none-eabi/10.3.1/../../../arm-none-eabi/lib/thumb/v6-m/nofp/libg.a(lib_a-strncmp.o)
                0x000000001000817c                strncmp
 .text          0x00000000100081f0       0x2c /usr/lib/gcc/arm-none-eabi/10.3.1/../../../arm-none-eabi/lib/thumb/v6-m/nofp/libg.a(lib_a-wctomb_r.o)
                0x00000000100081f0                _wctomb_r
                0x0000000010008200                __ascii_wctomb
 *fill*         0x000000001000821c        0x4 
 .text.__stub   0x0000000010008220       0x40 linker stubs
 *(.fini)
 *crtbegin.o(.ctors)
 *crtbegin?.o(.ctors)
 *(EXCLUDE_FILE(*crtend.o *crtend?.o) .ctors)
 *(SORT_BY_NAME(.ctors.*))
 *(.ctors)
 *crtbegin.o(.dtors)
 *crtbegin?.o(.dtors)
 *(EXCLUDE_FILE(*crtend.o *crtend?.o) .dtors)
 *(SORT_BY_NAME(.dtors.*))
 *(.dtors)
                0x0000000010008260                . = ALIGN (0x4)
                [!provide]                        PROVIDE (__bothinit_array_start = .)
                0x0000000010008260                PROVIDE (__preinit_array_start = .)
 *(SORT_BY_NAME(.preinit_array.*))
 .preinit_array.00100
                0x0000000010008260        0x4 CMakeFiles/pico_motor_controller.dir/home/dabom_user/pico/pico-sdk/src/rp2_common/pico_runtime_init/runtime_init.c.o
                0x0000000010008260                __pre_init_runtime_init_early_resets
 .preinit_array.00101
                0x0000000010008264        0x4 CMakeFiles/pico_motor_controller.dir/home/dabom_user/pico/pico-sdk/src/rp2_common/pico_runtime_init/runtime_init.c.o
                0x0000000010008264                __pre_init_runtime_init_usb_power_down
 .preinit_array.00275
                0x0000000010008268        0x4 CMakeFiles/pico_motor_controller.dir/home/dabom_user/pico/pico-sdk/src/rp2_common/pico_bit_ops/bit_ops_aeabi.S.o
 .preinit_array.00300
                0x000000001000826c        0x4 CMakeFiles/pico_motor_controller.dir/home/dabom_user/pico/pico-sdk/src/rp2_common/pico_mem_ops/mem_ops_aeabi.S.o
 .preinit_array.00350
                0x0000000010008270        0x4 CMakeFiles/pico_motor_controller.dir/home/dabom_user/pico/pico-sdk/src/rp2_common/pico_double/double_aeabi_rp2040.S.o
 .preinit_array.00350
                0x0000000010008274        0x4 CMakeFiles/pico_motor_controller.dir/home/dabom_user/pico/pico-sdk/src/rp2_common/pico_float/float_aeabi_rp2040.S.o
 .preinit_array.00500
                0x0000000010008278        0x4 CMakeFiles/pico_motor_controller.dir/home/dabom_user/pico/pico-sdk/src/rp2_common/pico_runtime_init/runtime_init.c.o
                0x0000000010008278                __pre_init_runtime_init_clocks
 .preinit_array.00600
                0x000000001000827c        0x4 CMakeFiles/pico_motor_controller.dir/home/dabom_user/pico/pico-sdk/src/rp2_common/pico_runtime_init/runtime_init.c.o
                0x000000001000827c                __pre_init_runtime_init_post_clock_resets
 .preinit_array.00700
                0x0000000010008280        0x4 CMakeFiles/pico_motor_controller.dir/home/dabom_user/pico/pico-sdk/src/rp2_common/pico_runtime_init/runtime_init.c.o
                0x0000000010008280                __pre_init_runtime_init_rp2040_gpio_ie_disable
 .preinit_array.01000
                0x0000000010008284        0x4 CMakeFiles/pico_motor_controller.dir/home/dabom_user/pico/pico-sdk/src/rp2_common/pico_runtime_init/runtime_init.c.o
                0x0000000010008284                __pre_init_runtime_init_spin_locks_reset
 .preinit_array.01100
                0x0000000010008288        0x4 CMakeFiles/pico_motor_controller.dir/home/dabom_user/pico/pico-sdk/src/common/pico_sync/mutex.c.o
                0x0000000010008288                __pre_init_runtime_init_mutex
 .preinit_array.10080
                0x000000001000828c        0x4 CMakeFiles/pico_motor_controller.dir/home/dabom_user/pico/pico-sdk/src/rp2_common/pico_runtime_init/runtime_init.c.o
                0x000000001000828c                __pre_init_runtime_init_install_ram_vector_table
 .preinit_array.11000
                0x0000000010008290        0x4 CMakeFiles/pico_motor_controller.dir/home/dabom_user/pico/pico-sdk/src/common/pico_time/time.c.o
                0x0000000010008290                __pre_init_runtime_init_default_alarm_pool
 .preinit_array.YYYYY
                0x0000000010008294        0x4 CMakeFiles/pico_motor_controller.dir/home/dabom_user/pico/pico-sdk/src/rp2_common/pico_runtime/runtime.c.o
                0x0000000010008294                __pre_init_first_per_core_initializer
 .preinit_array.ZZZZZ.01200
                0x0000000010008298        0x4 CMakeFiles/pico_motor_controller.dir/home/dabom_user/pico/pico-sdk/src/rp2_common/hardware_irq/irq.c.o
                0x0000000010008298                __pre_init_runtime_init_per_core_irq_priorities
 *(.preinit_array)
                0x000000001000829c                PROVIDE (__preinit_array_end = .)
                0x000000001000829c                . = ALIGN (0x4)
                0x000000001000829c                PROVIDE (__init_array_start = .)
 *(SORT_BY_NAME(.init_array.*))
 *(.init_array)
                0x000000001000829c                PROVIDE (__init_array_end = .)
                [!provide]                        PROVIDE (__bothinit_array_end = .)
                0x000000001000829c                . = ALIGN (0x4)
                [!provide]                        PROVIDE (__fini_array_start = .)
 *(SORT_BY_NAME(.fini_array.*))
 *(.fini_array)
                [!provide]                        PROVIDE (__fini_array_end = .)
                [!provide]                        PROVIDE (__dso_handle = 0x0)
 *(.eh_frame*)
                0x000000001000829c                . = ALIGN (0x4)

.glue_7         0x000000001000829c        0x0
 .glue_7        0x000000001000829c        0x0 linker stubs

.glue_7t        0x000000001000829c        0x0
 .glue_7t       0x000000001000829c        0x0 linker stubs

.vfp11_veneer   0x000000001000829c        0x0
 .vfp11_veneer  0x000000001000829c        0x0 linker stubs

.v4_bx          0x000000001000829c        0x0
 .v4_bx         0x000000001000829c        0x0 linker stubs

.iplt           0x000000001000829c        0x0
 .iplt          0x000000001000829c        0x0 CMakeFiles/pico_motor_controller.dir/main.c.o

.rodata         0x00000000100082a0      0xaac
 *(EXCLUDE_FILE(*libm.a: *lib*_a-mem*.o *libc.a: *libgcc.a:) .rodata*)
 .rodata.main.str1.4
                0x00000000100082a0      0x206 CMakeFiles/pico_motor_controller.dir/main.c.o
                                        0x21a (size before relaxing)
 *fill*         0x00000000100084a6        0x2 
 .rodata        0x00000000100084a8       0x10 CMakeFiles/pico_motor_controller.dir/main.c.o
 .rodata.quadrature_table
                0x00000000100084b8       0x10 CMakeFiles/pico_motor_controller.dir/main.c.o
 .rodata.panic.str1.4
                0x00000000100084c8       0x10 CMakeFiles/pico_motor_controller.dir/home/dabom_user/pico/pico-sdk/src/rp2_common/pico_platform_panic/panic.c.o
                                         0x11 (size before relaxing)
 .rodata.timer_hardware_alarm_claim.str1.4
                0x00000000100084d8       0x22 CMakeFiles/pico_motor_controller.dir/home/dabom_user/pico/pico-sdk/src/rp2_common/hardware_timer/timer.c.o
 *fill*         0x00000000100084fa        0x2 
 .rodata.hard_assertion_failure.str1.4
                0x00000000100084fc        0xc CMakeFiles/pico_motor_controller.dir/home/dabom_user/pico/pico-sdk/src/rp2_common/pico_runtime/runtime.c.o
 .rodata.missing_double_func_shim.str1.4
                0x0000000010008508       0x18 CMakeFiles/pico_motor_controller.dir/home/dabom_user/pico/pico-sdk/src/rp2_common/pico_double/double_init_rom_rp2040.c.o
 .rodata.missing_float_func_shim.str1.4
                0x0000000010008520        0x1 CMakeFiles/pico_motor_controller.dir/home/dabom_user/pico/pico-sdk/src/rp2_common/pico_float/float_init_rom_rp2040.c.o
 .rodata.str1.4
                0x0000000010008520       0x4c CMakeFiles/pico_motor_controller.dir/home/dabom_user/pico/pico-sdk/src/rp2_common/pico_standard_binary_info/standard_binary_info.c.o
 .rodata.__bi_26
                0x000000001000856c        0xc CMakeFiles/pico_motor_controller.dir/home/dabom_user/pico/pico-sdk/src/rp2_common/pico_standard_binary_info/standard_binary_info.c.o
 .rodata.__bi_34
                0x0000000010008578        0xc CMakeFiles/pico_motor_controller.dir/home/dabom_user/pico/pico-sdk/src/rp2_common/pico_standard_binary_info/standard_binary_info.c.o
 .rodata.__bi_42
                0x0000000010008584        0xc CMakeFiles/pico_motor_controller.dir/home/dabom_user/pico/pico-sdk/src/rp2_common/pico_standard_binary_info/standard_binary_info.c.o
 .rodata.__bi_48
                0x0000000010008590        0xc CMakeFiles/pico_motor_controller.dir/home/dabom_user/pico/pico-sdk/src/rp2_common/pico_standard_binary_info/standard_binary_info.c.o
 .rodata.__bi_54
                0x000000001000859c        0xc CMakeFiles/pico_motor_controller.dir/home/dabom_user/pico/pico-sdk/src/rp2_common/pico_standard_binary_info/standard_binary_info.c.o
 .rodata.__bi_78
                0x00000000100085a8        0xc CMakeFiles/pico_motor_controller.dir/home/dabom_user/pico/pico-sdk/src/rp2_common/pico_standard_binary_info/standard_binary_info.c.o
 .rodata.__bi_84
                0x00000000100085b4        0xc CMakeFiles/pico_motor_controller.dir/home/dabom_user/pico/pico-sdk/src/rp2_common/pico_standard_binary_info/standard_binary_info.c.o
 .rodata._ftoa.str1.4
                0x00000000100085c0       0x15 CMakeFiles/pico_motor_controller.dir/home/dabom_user/pico/pico-sdk/src/rp2_common/pico_printf/printf.c.o
 *fill*         0x00000000100085d5        0x3 
 .rodata._vsnprintf
                0x00000000100085d8      0x1e0 CMakeFiles/pico_motor_controller.dir/home/dabom_user/pico/pico-sdk/src/rp2_common/pico_printf/printf.c.o
 .rodata.pow10.0
                0x00000000100087b8       0x50 CMakeFiles/pico_motor_controller.dir/home/dabom_user/pico/pico-sdk/src/rp2_common/pico_printf/printf.c.o
 .rodata.__assert_func.str1.4
                0x0000000010008808       0x3f CMakeFiles/pico_motor_controller.dir/home/dabom_user/pico/pico-sdk/src/rp2_common/pico_clib_interface/newlib_interface.c.o
                                         0x43 (size before relaxing)
 *fill*         0x0000000010008847        0x1 
 .rodata.crlf_str.0
                0x0000000010008848        0x2 CMakeFiles/pico_motor_controller.dir/home/dabom_user/pico/pico-sdk/src/rp2_common/pico_stdio/stdio.c.o
 *fill*         0x000000001000884a        0x2 
 .rodata.str1.4
                0x000000001000884c        0xf /usr/lib/gcc/arm-none-eabi/10.3.1/../../../arm-none-eabi/lib/thumb/v6-m/nofp/libg.a(lib_a-strtod.o)
                                         0x11 (size before relaxing)
 *fill*         0x000000001000885b        0x5 
 .rodata        0x0000000010008860      0x120 /usr/lib/gcc/arm-none-eabi/10.3.1/../../../arm-none-eabi/lib/thumb/v6-m/nofp/libg.a(lib_a-strtod.o)
 .rodata.str1.4
                0x0000000010008980       0x4e /usr/lib/gcc/arm-none-eabi/10.3.1/../../../arm-none-eabi/lib/thumb/v6-m/nofp/libg.a(lib_a-gdtoa-gethex.o)
 *fill*         0x00000000100089ce        0x2 
 .rodata        0x00000000100089d0      0x100 /usr/lib/gcc/arm-none-eabi/10.3.1/../../../arm-none-eabi/lib/thumb/v6-m/nofp/libg.a(lib_a-gdtoa-gethex.o)
                0x00000000100089d0                __hexdig
 .rodata.str1.4
                0x0000000010008ad0        0x2 /usr/lib/gcc/arm-none-eabi/10.3.1/../../../arm-none-eabi/lib/thumb/v6-m/nofp/libg.a(lib_a-lnumeric.o)
                                          0x5 (size before relaxing)
 *fill*         0x0000000010008ad2        0x2 
 .rodata        0x0000000010008ad4        0xc /usr/lib/gcc/arm-none-eabi/10.3.1/../../../arm-none-eabi/lib/thumb/v6-m/nofp/libg.a(lib_a-lnumeric.o)
                0x0000000010008ad4                _C_numeric_locale
 .rodata.str1.4
                0x0000000010008ae0        0x6 /usr/lib/gcc/arm-none-eabi/10.3.1/../../../arm-none-eabi/lib/thumb/v6-m/nofp/libg.a(lib_a-locale.o)
                                         0x12 (size before relaxing)
 *fill*         0x0000000010008ae6        0x2 
 .rodata.str1.4
                0x0000000010008ae8       0x33 /usr/lib/gcc/arm-none-eabi/10.3.1/../../../arm-none-eabi/lib/thumb/v6-m/nofp/libg.a(lib_a-mprec.o)
                                         0x47 (size before relaxing)
 *fill*         0x0000000010008b1b        0x5 
 .rodata        0x0000000010008b20      0x128 /usr/lib/gcc/arm-none-eabi/10.3.1/../../../arm-none-eabi/lib/thumb/v6-m/nofp/libg.a(lib_a-mprec.o)
                0x0000000010008b30                __mprec_tinytens
                0x0000000010008b58                __mprec_bigtens
                0x0000000010008b80                __mprec_tens
 .rodata        0x0000000010008c48      0x101 /usr/lib/gcc/arm-none-eabi/10.3.1/../../../arm-none-eabi/lib/thumb/v6-m/nofp/libg.a(lib_a-ctype_.o)
                0x0000000010008c48                _ctype_
 *(.srodata*)
                0x0000000010008d4c                . = ALIGN (0x4)
 *fill*         0x0000000010008d49        0x3 
 *(SORT_BY_ALIGNMENT(SORT_BY_NAME(.flashdata*)))
                0x0000000010008d4c                . = ALIGN (0x4)

.ARM.extab
 *(.ARM.extab* .gnu.linkonce.armextab.*)
                0x0000000010008d4c                __exidx_start = .

.ARM.exidx
 *(.ARM.exidx* .gnu.linkonce.armexidx.*)
                0x0000000010008d4c                __exidx_end = .
                0x0000000010008d4c                . = ALIGN (0x4)
                0x0000000010008d4c                __binary_info_start = .

.binary_info    0x0000000010008d4c       0x1c
 *(.binary_info.keep.*)
 .binary_info.keep.__bi_ptr26
                0x0000000010008d4c        0x4 CMakeFiles/pico_motor_controller.dir/home/dabom_user/pico/pico-sdk/src/rp2_common/pico_standard_binary_info/standard_binary_info.c.o
 .binary_info.keep.__bi_ptr34
                0x0000000010008d50        0x4 CMakeFiles/pico_motor_controller.dir/home/dabom_user/pico/pico-sdk/src/rp2_common/pico_standard_binary_info/standard_binary_info.c.o
 .binary_info.keep.__bi_ptr42
                0x0000000010008d54        0x4 CMakeFiles/pico_motor_controller.dir/home/dabom_user/pico/pico-sdk/src/rp2_common/pico_standard_binary_info/standard_binary_info.c.o
 .binary_info.keep.__bi_ptr48
                0x0000000010008d58        0x4 CMakeFiles/pico_motor_controller.dir/home/dabom_user/pico/pico-sdk/src/rp2_common/pico_standard_binary_info/standard_binary_info.c.o
 .binary_info.keep.__bi_ptr54
                0x0000000010008d5c        0x4 CMakeFiles/pico_motor_controller.dir/home/dabom_user/pico/pico-sdk/src/rp2_common/pico_standard_binary_info/standard_binary_info.c.o
 .binary_info.keep.__bi_ptr78
                0x0000000010008d60        0x4 CMakeFiles/pico_motor_controller.dir/home/dabom_user/pico/pico-sdk/src/rp2_common/pico_standard_binary_info/standard_binary_info.c.o
 .binary_info.keep.__bi_ptr84
                0x0000000010008d64        0x4 CMakeFiles/pico_motor_controller.dir/home/dabom_user/pico/pico-sdk/src/rp2_common/pico_standard_binary_info/standard_binary_info.c.o
 *(.binary_info.*)
                0x0000000010008d68                __binary_info_end = .
                0x0000000010008d68                . = ALIGN (0x4)

.xip_ram        0x0000000015000000        0x0 load address 0x0000000010008d68
                0x0000000015000000                __xip_ram_start__ = .
                0x0000000015000000                . = ALIGN (0x4)
 *(.xip_ram*)
                0x0000000015000000                . = ALIGN (0x4)
                0x0000000015000000                __xip_ram_end__ = .
                0x0000000010008d68                __xip_ram_source__ = LOADADDR (.xip_ram)

.ram_vector_table
                0x0000000020000000       0xc0
 *(.ram_vector_table)
 .ram_vector_table
                0x0000000020000000       0xc0 CMakeFiles/pico_motor_controller.dir/home/dabom_user/pico/pico-sdk/src/rp2_common/pico_runtime_init/runtime_init.c.o
                0x0000000020000000                ram_vector_table

.uninitialized_data
                0x00000000200000c0        0x0
                0x00000000200000c0                . = ALIGN (0x4)
 *(.uninitialized_data*)

.data           0x00000000200000c0      0xb78 load address 0x0000000010008d68
                0x00000000200000c0                __data_start__ = .
 *(vtable)
 *(.time_critical*)
 .time_critical.mutex_try_enter
                0x00000000200000c0       0x44 CMakeFiles/pico_motor_controller.dir/home/dabom_user/pico/pico-sdk/src/common/pico_sync/mutex.c.o
                0x00000000200000c0                mutex_try_enter
 .time_critical.mutex_enter_block_until
                0x0000000020000104       0x74 CMakeFiles/pico_motor_controller.dir/home/dabom_user/pico/pico-sdk/src/common/pico_sync/mutex.c.o
                0x0000000020000104                mutex_enter_block_until
 .time_critical.mutex_try_enter_block_until
                0x0000000020000178       0x34 CMakeFiles/pico_motor_controller.dir/home/dabom_user/pico/pico-sdk/src/common/pico_sync/mutex.c.o
                0x0000000020000178                mutex_try_enter_block_until
 .time_critical.mutex_exit
                0x00000000200001ac       0x28 CMakeFiles/pico_motor_controller.dir/home/dabom_user/pico/pico-sdk/src/common/pico_sync/mutex.c.o
                0x00000000200001ac                mutex_exit
 *(.text*)
 .text          0x00000000200001d4        0x4 /usr/lib/gcc/arm-none-eabi/10.3.1/thumb/v6-m/nofp/libgcc.a(_dvmd_tls.o)
                0x00000000200001d4                __aeabi_ldiv0
                0x00000000200001d4                __aeabi_idiv0
 .text.__stub   0x00000000200001d8       0x10 linker stubs
                0x00000000200001e8                . = ALIGN (0x4)
 *(.rodata*)
                0x00000000200001e8                . = ALIGN (0x4)
                [!provide]                        PROVIDE (__emutls_array_start = .)
 *(.*.__emutls_v.*)
                [!provide]                        PROVIDE (__emutls_array_end = .)
                0x00000000200001e8                . = ALIGN (0x4)
 *(.data*)
 .data.striped_spin_lock_num
                0x00000000200001e8        0x1 CMakeFiles/pico_motor_controller.dir/home/dabom_user/pico/pico-sdk/src/rp2_common/hardware_sync/sync.c.o
 *fill*         0x00000000200001e9        0x3 
 .data          0x00000000200001ec       0x48 CMakeFiles/pico_motor_controller.dir/home/dabom_user/pico/pico-sdk/src/rp2_common/hardware_irq/irq_handler_chain.S.o
                0x00000000200001ec                irq_handler_chain_slots
                0x000000002000021c                irq_handler_chain_first_slot
                0x0000000020000226                irq_handler_chain_remove_tail
 .data.default_alarm_pool
                0x0000000020000234       0x18 CMakeFiles/pico_motor_controller.dir/home/dabom_user/pico/pico-sdk/src/common/pico_time/time.c.o
 *fill*         0x000000002000024c        0x4 
 .data.last_added.0
                0x0000000020000250        0x8 CMakeFiles/pico_motor_controller.dir/home/dabom_user/pico/pico-sdk/src/common/pico_time/time.c.o
 *fill*         0x0000000020000258        0x8 
 .data.aeabi_bits_funcs
                0x0000000020000260       0x10 CMakeFiles/pico_motor_controller.dir/home/dabom_user/pico/pico-sdk/src/rp2_common/pico_bit_ops/bit_ops_aeabi.S.o
                0x0000000020000260                aeabi_bits_funcs
                0x0000000020000270                aeabi_bits_funcs_end
 .data.aeabi_mem_funcs
                0x0000000020000270       0x10 CMakeFiles/pico_motor_controller.dir/home/dabom_user/pico/pico-sdk/src/rp2_common/pico_mem_ops/mem_ops_aeabi.S.o
                0x0000000020000270                aeabi_mem_funcs
                0x0000000020000280                aeabi_mem_funcs_end
 .data          0x0000000020000280      0x430 /usr/lib/gcc/arm-none-eabi/10.3.1/../../../arm-none-eabi/lib/thumb/v6-m/nofp/libg.a(lib_a-impure.o)
                0x0000000020000280                _impure_ptr
 .data          0x00000000200006b0      0x410 /usr/lib/gcc/arm-none-eabi/10.3.1/../../../arm-none-eabi/lib/thumb/v6-m/nofp/libg.a(lib_a-mallocr.o)
                0x00000000200006b0                __malloc_sbrk_base
                0x00000000200006b4                __malloc_trim_threshold
                0x00000000200006b8                __malloc_av_
 .data          0x0000000020000ac0        0x2 /usr/lib/gcc/arm-none-eabi/10.3.1/../../../arm-none-eabi/lib/thumb/v6-m/nofp/libg.a(lib_a-lnumeric.o)
 *fill*         0x0000000020000ac2        0x2 
 .data          0x0000000020000ac4      0x16c /usr/lib/gcc/arm-none-eabi/10.3.1/../../../arm-none-eabi/lib/thumb/v6-m/nofp/libg.a(lib_a-locale.o)
                0x0000000020000ac4                __global_locale
 *(.sdata*)
                0x0000000020000c30                . = ALIGN (0x4)
 *(.after_data.*)
                0x0000000020000c30                . = ALIGN (0x4)
                0x0000000020000c30                PROVIDE (__mutex_array_start = .)
 *(SORT_BY_NAME(.mutex_array.*))
 *(.mutex_array)
 .mutex_array   0x0000000020000c30        0x8 CMakeFiles/pico_motor_controller.dir/home/dabom_user/pico/pico-sdk/src/rp2_common/pico_stdio/stdio.c.o
                0x0000000020000c38                PROVIDE (__mutex_array_end = .)
 *(.jcr)
                0x0000000020000c38                . = ALIGN (0x4)

.igot.plt       0x0000000020000c38        0x0 load address 0x00000000100098e0
 .igot.plt      0x0000000020000c38        0x0 CMakeFiles/pico_motor_controller.dir/main.c.o

.tdata          0x0000000020000c38        0x0 load address 0x00000000100098e0
                0x0000000020000c38                . = ALIGN (0x4)
 *(.tdata .tdata.* .gnu.linkonce.td.*)
                0x0000000020000c38                __tdata_end = .
                0x0000000020000c38                PROVIDE (__data_end__ = .)
                0x0000000010008d68                __etext = LOADADDR (.data)
                0x0000000020000c38                . = ALIGN (0x4)

.tbss           0x0000000020000c38        0x0 load address 0x00000000100098e0
                0x0000000020000c38                __bss_start__ = .
                0x0000000020000c38                __tls_base = .
 *(.tbss .tbss.* .gnu.linkonce.tb.*)
 *(.tcommon)
                0x0000000020000c38                . = ALIGN (0x4)
                0x0000000020000c38                __tls_end = .

.tbss_space     0x0000000020000c38        0x0 load address 0x00000000100098e0
                0x0000000020000c38                . = (__bss_start__ + SIZEOF (.tbss))

.bss            0x0000000020000c38      0x468 load address 0x00000000100098e0
                0x0000000020000c38                . = ALIGN (0x4)
                0x0000000020000c38                __tbss_end = .
 *(SORT_BY_ALIGNMENT(SORT_BY_NAME(.bss*)))
 .bss.default_alarm_pool_entries
                0x0000000020000c38      0x180 CMakeFiles/pico_motor_controller.dir/home/dabom_user/pico/pico-sdk/src/common/pico_time/time.c.o
 .bss.last_encoder_report_ms
                0x0000000020000db8        0x8 CMakeFiles/pico_motor_controller.dir/main.c.o
 .bss.last_move_ms
                0x0000000020000dc0        0x8 CMakeFiles/pico_motor_controller.dir/main.c.o
 .bss.sd_table  0x0000000020000dc8      0x100 CMakeFiles/pico_motor_controller.dir/home/dabom_user/pico/pico-sdk/src/rp2_common/pico_double/double_init_rom_rp2040.c.o
                0x0000000020000dc8                sd_table
 .bss           0x0000000020000ec8       0x34 /usr/lib/gcc/arm-none-eabi/10.3.1/../../../arm-none-eabi/lib/thumb/v6-m/nofp/libg.a(lib_a-mallocr.o)
                0x0000000020000ec8                __malloc_top_pad
                0x0000000020000ecc                __malloc_current_mallinfo
                0x0000000020000ef4                __malloc_max_sbrked_mem
                0x0000000020000ef8                __malloc_max_total_mem
 .bss           0x0000000020000efc        0x4 /usr/lib/gcc/arm-none-eabi/10.3.1/../../../arm-none-eabi/lib/thumb/v6-m/nofp/libg.a(lib_a-reent.o)
                0x0000000020000efc                errno
 .bss.callbacks
                0x0000000020000f00        0x8 CMakeFiles/pico_motor_controller.dir/home/dabom_user/pico/pico-sdk/src/rp2_common/hardware_gpio/gpio.c.o
 .bss.claimed   0x0000000020000f08        0x1 CMakeFiles/pico_motor_controller.dir/home/dabom_user/pico/pico-sdk/src/rp2_common/hardware_timer/timer.c.o
 *fill*         0x0000000020000f09        0x3 
 .bss.configured_freq
                0x0000000020000f0c       0x28 CMakeFiles/pico_motor_controller.dir/home/dabom_user/pico/pico-sdk/src/rp2_common/hardware_clocks/clocks.c.o
 .bss.drivers   0x0000000020000f34        0x4 CMakeFiles/pico_motor_controller.dir/home/dabom_user/pico/pico-sdk/src/rp2_common/pico_stdio/stdio.c.o
 .bss.filter    0x0000000020000f38        0x4 CMakeFiles/pico_motor_controller.dir/home/dabom_user/pico/pico-sdk/src/rp2_common/pico_stdio/stdio.c.o
 .bss.heap_end.0
                0x0000000020000f3c        0x4 CMakeFiles/pico_motor_controller.dir/home/dabom_user/pico/pico-sdk/src/rp2_common/pico_clib_interface/newlib_interface.c.o
 .bss.lazy_vsnprintf
                0x0000000020000f40        0x4 CMakeFiles/pico_motor_controller.dir/home/dabom_user/pico/pico-sdk/src/rp2_common/pico_printf/printf.c.o
 .bss.left_encoder_ticks
                0x0000000020000f44        0x4 CMakeFiles/pico_motor_controller.dir/main.c.o
 .bss.left_motor
                0x0000000020000f48       0x14 CMakeFiles/pico_motor_controller.dir/main.c.o
 .bss.pools     0x0000000020000f5c       0x10 CMakeFiles/pico_motor_controller.dir/home/dabom_user/pico/pico-sdk/src/common/pico_time/time.c.o
 .bss.raw_irq_mask
                0x0000000020000f6c        0x8 CMakeFiles/pico_motor_controller.dir/home/dabom_user/pico/pico-sdk/src/rp2_common/hardware_gpio/gpio.c.o
 .bss.right_encoder_ticks
                0x0000000020000f74        0x4 CMakeFiles/pico_motor_controller.dir/main.c.o
 .bss.right_motor
                0x0000000020000f78       0x14 CMakeFiles/pico_motor_controller.dir/main.c.o
 .bss.sf_clz_func
                0x0000000020000f8c        0x4 CMakeFiles/pico_motor_controller.dir/home/dabom_user/pico/pico-sdk/src/rp2_common/pico_double/double_init_rom_rp2040.c.o
                0x0000000020000f8c                sf_clz_func
 .bss.sf_table  0x0000000020000f90      0x100 CMakeFiles/pico_motor_controller.dir/home/dabom_user/pico/pico-sdk/src/rp2_common/pico_float/float_init_rom_rp2040.c.o
                0x0000000020000f90                sf_table
 .bss.sleep_notifier
                0x0000000020001090        0x4 CMakeFiles/pico_motor_controller.dir/home/dabom_user/pico/pico-sdk/src/common/pico_time/time.c.o
 .bss.uart_char_to_line_feed
                0x0000000020001094        0x4 CMakeFiles/pico_motor_controller.dir/home/dabom_user/pico/pico-sdk/src/rp2_common/hardware_uart/uart.c.o
                0x0000000020001094                uart_char_to_line_feed
 .bss.encoder_stream_enabled
                0x0000000020001098        0x1 CMakeFiles/pico_motor_controller.dir/main.c.o
 .bss.irq_handler_chain_free_slot_head
                0x0000000020001099        0x1 CMakeFiles/pico_motor_controller.dir/home/dabom_user/pico/pico-sdk/src/rp2_common/hardware_irq/irq.c.o
 .bss.is_moving
                0x000000002000109a        0x1 CMakeFiles/pico_motor_controller.dir/main.c.o
 .bss.left_encoder_state
                0x000000002000109b        0x1 CMakeFiles/pico_motor_controller.dir/main.c.o
 .bss.right_encoder_state
                0x000000002000109c        0x1 CMakeFiles/pico_motor_controller.dir/main.c.o
 *(COMMON)
                [!provide]                        PROVIDE (__global_pointer$ = (. + 0x800))
 *(.sbss*)
                0x00000000200010a0                . = ALIGN (0x4)
 *fill*         0x000000002000109d        0x3 
                0x00000000200010a0                __bss_end__ = .
                [!provide]                        PROVIDE (__tls_start = SIZEOF (.tdata)?ADDR (.tdata):ADDR (.tbss))
                [!provide]                        PROVIDE (__tls_size = (__tls_end - __tls_start))
                0x0000000000000001                PROVIDE (__tls_align = MAX (ALIGNOF (.tdata), ALIGNOF (.tbss)))
                [!provide]                        PROVIDE (__tls_size_align = ALIGN (__tls_size, __tls_align))
                0x0000000000000008                PROVIDE (__arm32_tls_tcb_offset = MAX (0x8, __tls_align))
                0x0000000000000000                PROVIDE (__tdata_size = SIZEOF (.tdata))
                0x00000000100098e0                PROVIDE (__tdata_source = LOADADDR (.tdata))
                0x0000000000000000                PROVIDE (__tbss_size = SIZEOF (.tbss))
                [!provide]                        PROVIDE (__tbss_offset = (ADDR (.tbss) - __tls_start))

.tlsX_not_needed_marker
                0x00000000200010a0        0x0 load address 0x00000000100098e0
 *(.tlsX_not_needed_marker)
                [!provide]                        PROVIDE (__tlsX_align = (SIZEOF (.tlsX_not_needed_marker) > 0x0)?0x4:__tls_align)
                [!provide]                        PROVIDE (__tlsX_size_align = (SIZEOF (.tlsX_not_needed_marker) > 0x0)?0x0:__tls_size_align)
                0x0000000020000c38                __tls_start = DEFINED (__tls_start)?__tls_start:SIZEOF (.tdata)?ADDR (.tdata):ADDR (.tbss)
                0x0000000000000000                __tls_size = DEFINED (__tls_size)?__tls_size:(__tls_end - __tls_start)
                0x0000000000000001                __tls_align = DEFINED (__tls_align)?__tls_align:MAX (ALIGNOF (.tdata), ALIGNOF (.tbss))
                0x0000000000000000                __tls_size_align = DEFINED (__tls_size_align)?__tls_size_align:ALIGN (__tls_size, __tls_align)
                0x0000000000000008                __arm32_tls_tcb_offset = DEFINED (__arm32_tls_tcb_offset)?__arm32_tls_tcb_offset:MAX (0x8, __tls_align)
                0x0000000000000000                __tdata_size = DEFINED (__tdata_size)?__tdata_size:SIZEOF (.tdata)
                0x00000000100098e0                __tdata_source = DEFINED (__tdata_source)?__tdata_source:LOADADDR (.tdata)
                0x0000000000000000                __tbss_size = DEFINED (__tbss_size)?__tbss_size:SIZEOF (.tbss)
                0x0000000000000000                __tbss_offset = DEFINED (__tbss_offset)?__tbss_offset:(ADDR (.tbss) - __tls_start)
                0x0000000000000001                __tlsX_align = DEFINED (__tlsX_align)?__tlsX_align:(SIZEOF (.tlsX_not_needed_marker) > 0x0)?0x4:__tls_align
                0x0000000000000000                __tlsX_size_align = DEFINED (__tlsX_size_align)?__tlsX_size_align:(SIZEOF (.tlsX_not_needed_marker) > 0x0)?0x0:__tls_size_align

.tls0           0x00000000200010a0        0x0 load address 0x00000000100098e0
                0x00000000200010a0                . = ALIGN (__tlsX_align)
                0x00000000200010a0                PROVIDE (__tls0_base = .)
                0x00000000200010a0                . = (. + __tlsX_size_align)

.tls1           0x00000000200010a0        0x0 load address 0x00000000100098e0
                0x00000000200010a0                . = ALIGN (__tlsX_align)
                0x00000000200010a0                PROVIDE (__tls1_base = .)
                0x00000000200010a0                . = (. + __tlsX_size_align)

.persistent_data
                0x00000000200010a0        0x0 load address 0x00000000100098e0
                0x00000000200010a0                __persistent_data_start__ = .
 *(.persistent_data*)
                0x00000000200010a0                . = ALIGN (0x4)
                [!provide]                        PROVIDE (__persistent_data_end__ = .)

.dummy_pre_heap
                0x00000000200010a0        0x0 load address 0x00000000100098e0
                0x00000000200010a0                . = .

.heap           0x00000000200010a0      0x800
                0x00000000200010a0                __end__ = .
                0x00000000200010a0                end = __end__
 *(.heap*)
 .heap          0x00000000200010a0      0x800 CMakeFiles/pico_motor_controller.dir/home/dabom_user/pico/pico-sdk/src/rp2_common/pico_crt0/crt0.S.o
                0x0000000020040000                __HeapLimit = DEFINED (HEAP_LIMIT)?HEAP_LIMIT:(ORIGIN (RAM) + LENGTH (RAM))

.scratch_x      0x0000000020040000        0x0 load address 0x00000000100098e0
                0x0000000020040000                __scratch_x_start__ = .
 *(.scratch_x.*)
                0x0000000020040000                . = ALIGN (0x4)
                0x0000000020040000                __scratch_x_end__ = .
                0x00000000100098e0                __scratch_x_source__ = LOADADDR (.scratch_x)

.scratch_y      0x0000000020041000        0x0 load address 0x00000000100098e0
                0x0000000020041000                __scratch_y_start__ = .
 *(.scratch_y.*)
                0x0000000020041000                . = ALIGN (0x4)
                0x0000000020041000                __scratch_y_end__ = .
                0x00000000100098e0                __scratch_y_source__ = LOADADDR (.scratch_y)

.stack1_dummy   0x0000000020040000        0x0
 *(.stack1*)

.stack_dummy    0x0000000020041000      0x800
 *(.stack*)
 .stack         0x0000000020041000      0x800 CMakeFiles/pico_motor_controller.dir/home/dabom_user/pico/pico-sdk/src/rp2_common/pico_crt0/crt0.S.o

.rel.dyn        0x0000000020041800        0x0
 .rel.iplt      0x0000000020041800        0x0 CMakeFiles/pico_motor_controller.dir/main.c.o

.flash_end      0x00000000100098e0        0x0
 *(.embedded_end_block*)
                0x00000000100098e0                PROVIDE (__flash_binary_end = .)
                0x0000000020040000                __StackLimit = (ORIGIN (RAM) + LENGTH (RAM))
                0x0000000020041000                __StackOneTop = (ORIGIN (SCRATCH_X) + LENGTH (SCRATCH_X))
                0x0000000020042000                __StackTop = (ORIGIN (SCRATCH_Y) + LENGTH (SCRATCH_Y))
                0x0000000020041000                __StackOneBottom = (__StackOneTop - SIZEOF (.stack1_dummy))
                0x0000000020041800                __StackBottom = (__StackTop - SIZEOF (.stack_dummy))
                [!provide]                        PROVIDE (__stack = __StackTop)
                [!provide]                        PROVIDE (__heap_start = __end__)
                [!provide]                        PROVIDE (__heap_end = __HeapLimit)
                0x0000000000000001                PROVIDE (__tls_align = MAX (ALIGNOF (.tdata), ALIGNOF (.tbss)))
                [!provide]                        PROVIDE (__tls_size_align = (((__tls_size + __tls_align) - 0x1) & ~ ((__tls_align - 0x1))))
                0x0000000000000008                PROVIDE (__arm32_tls_tcb_offset = MAX (0x8, __tls_align))
                [!provide]                        PROVIDE (_end = __end__)
                [!provide]                        PROVIDE (__llvm_libc_heap_limit = __HeapLimit)
                0x0000000000000001                ASSERT ((__StackLimit >= __HeapLimit), region RAM overflowed)
                0x0000000000000001                ASSERT (((__binary_info_header_end - __logical_binary_start) <= 0x100), Binary info must be in first 256 bytes of the binary)
OUTPUT(pico_motor_controller.elf elf32-littlearm)
LOAD linker stubs

.debug_info     0x0000000000000000    0x2ea48
 .debug_info    0x0000000000000000     0x6396 CMakeFiles/pico_motor_controller.dir/main.c.o
 .debug_info    0x0000000000006396     0x23a2 CMakeFiles/pico_motor_controller.dir/home/dabom_user/pico/pico-sdk/src/rp2_common/hardware_gpio/gpio.c.o
 .debug_info    0x0000000000008738      0x19c CMakeFiles/pico_motor_controller.dir/home/dabom_user/pico/pico-sdk/src/rp2_common/pico_platform_panic/panic.c.o
 .debug_info    0x00000000000088d4      0xa3d CMakeFiles/pico_motor_controller.dir/home/dabom_user/pico/pico-sdk/src/common/hardware_claim/claim.c.o
 .debug_info    0x0000000000009311      0x3df CMakeFiles/pico_motor_controller.dir/home/dabom_user/pico/pico-sdk/src/rp2_common/hardware_sync/sync.c.o
 .debug_info    0x00000000000096f0      0x244 CMakeFiles/pico_motor_controller.dir/home/dabom_user/pico/pico-sdk/src/rp2_common/hardware_sync_spin_lock/sync_spin_lock.c.o
 .debug_info    0x0000000000009934     0x2334 CMakeFiles/pico_motor_controller.dir/home/dabom_user/pico/pico-sdk/src/rp2_common/hardware_irq/irq.c.o
 .debug_info    0x000000000000bc68      0x156 CMakeFiles/pico_motor_controller.dir/home/dabom_user/pico/pico-sdk/src/common/pico_sync/lock_core.c.o
 .debug_info    0x000000000000bdbe     0x1d64 CMakeFiles/pico_motor_controller.dir/home/dabom_user/pico/pico-sdk/src/common/pico_sync/mutex.c.o
 .debug_info    0x000000000000db22     0x49f8 CMakeFiles/pico_motor_controller.dir/home/dabom_user/pico/pico-sdk/src/common/pico_time/time.c.o
 .debug_info    0x000000000001251a     0x2aeb CMakeFiles/pico_motor_controller.dir/home/dabom_user/pico/pico-sdk/src/rp2_common/hardware_timer/timer.c.o
 .debug_info    0x0000000000015005     0x1b2c CMakeFiles/pico_motor_controller.dir/home/dabom_user/pico/pico-sdk/src/rp2_common/hardware_uart/uart.c.o
 .debug_info    0x0000000000016b31     0x2e9e CMakeFiles/pico_motor_controller.dir/home/dabom_user/pico/pico-sdk/src/rp2_common/hardware_clocks/clocks.c.o
 .debug_info    0x00000000000199cf      0x505 CMakeFiles/pico_motor_controller.dir/home/dabom_user/pico/pico-sdk/src/rp2_common/hardware_pll/pll.c.o
 .debug_info    0x0000000000019ed4      0x242 CMakeFiles/pico_motor_controller.dir/home/dabom_user/pico/pico-sdk/src/rp2_common/hardware_ticks/ticks.c.o
 .debug_info    0x000000000001a116      0x4f2 CMakeFiles/pico_motor_controller.dir/home/dabom_user/pico/pico-sdk/src/rp2_common/pico_bootrom/bootrom.c.o
 .debug_info    0x000000000001a608      0x1c9 CMakeFiles/pico_motor_controller.dir/home/dabom_user/pico/pico-sdk/src/rp2_common/hardware_xosc/xosc.c.o
 .debug_info    0x000000000001a7d1      0x208 CMakeFiles/pico_motor_controller.dir/home/dabom_user/pico/pico-sdk/src/rp2_common/pico_runtime/runtime.c.o
 .debug_info    0x000000000001a9d9      0x816 CMakeFiles/pico_motor_controller.dir/home/dabom_user/pico/pico-sdk/src/rp2_common/pico_runtime_init/runtime_init.c.o
 .debug_info    0x000000000001b1ef      0x701 CMakeFiles/pico_motor_controller.dir/home/dabom_user/pico/pico-sdk/src/rp2_common/pico_runtime_init/runtime_init_clocks.c.o
 .debug_info    0x000000000001b8f0       0x22 CMakeFiles/pico_motor_controller.dir/home/dabom_user/pico/pico-sdk/src/rp2_common/pico_bit_ops/bit_ops_aeabi.S.o
 .debug_info    0x000000000001b912       0x22 CMakeFiles/pico_motor_controller.dir/home/dabom_user/pico/pico-sdk/src/rp2_common/pico_divider/divider_hardware.S.o
 .debug_info    0x000000000001b934       0x22 CMakeFiles/pico_motor_controller.dir/home/dabom_user/pico/pico-sdk/src/rp2_common/pico_double/double_aeabi_rp2040.S.o
 .debug_info    0x000000000001b956      0x25c CMakeFiles/pico_motor_controller.dir/home/dabom_user/pico/pico-sdk/src/rp2_common/pico_double/double_init_rom_rp2040.c.o
 .debug_info    0x000000000001bbb2       0x26 CMakeFiles/pico_motor_controller.dir/home/dabom_user/pico/pico-sdk/src/rp2_common/pico_double/double_v1_rom_shim_rp2040.S.o
 .debug_info    0x000000000001bbd8       0x26 CMakeFiles/pico_motor_controller.dir/home/dabom_user/pico/pico-sdk/src/rp2_common/pico_int64_ops/pico_int64_ops_aeabi.S.o
 .debug_info    0x000000000001bbfe       0x22 CMakeFiles/pico_motor_controller.dir/home/dabom_user/pico/pico-sdk/src/rp2_common/pico_float/float_aeabi_rp2040.S.o
 .debug_info    0x000000000001bc20      0x254 CMakeFiles/pico_motor_controller.dir/home/dabom_user/pico/pico-sdk/src/rp2_common/pico_float/float_init_rom_rp2040.c.o
 .debug_info    0x000000000001be74       0x22 CMakeFiles/pico_motor_controller.dir/home/dabom_user/pico/pico-sdk/src/rp2_common/pico_mem_ops/mem_ops_aeabi.S.o
 .debug_info    0x000000000001be96      0x2bf CMakeFiles/pico_motor_controller.dir/home/dabom_user/pico/pico-sdk/src/rp2_common/pico_standard_binary_info/standard_binary_info.c.o
 .debug_info    0x000000000001c155     0x21b1 CMakeFiles/pico_motor_controller.dir/home/dabom_user/pico/pico-sdk/src/rp2_common/pico_printf/printf.c.o
 .debug_info    0x000000000001e306       0x22 CMakeFiles/pico_motor_controller.dir/home/dabom_user/pico/pico-sdk/src/rp2_common/pico_crt0/crt0.S.o
 .debug_info    0x000000000001e328      0xbcd CMakeFiles/pico_motor_controller.dir/home/dabom_user/pico/pico-sdk/src/rp2_common/pico_clib_interface/newlib_interface.c.o
 .debug_info    0x000000000001eef5     0x1b94 CMakeFiles/pico_motor_controller.dir/home/dabom_user/pico/pico-sdk/src/rp2_common/pico_stdio/stdio.c.o
 .debug_info    0x0000000000020a89       0x26 /usr/lib/gcc/arm-none-eabi/10.3.1/thumb/v6-m/nofp/libgcc.a(_dvmd_tls.o)
 .debug_info    0x0000000000020aaf      0xa81 /usr/lib/gcc/arm-none-eabi/10.3.1/../../../arm-none-eabi/lib/thumb/v6-m/nofp/libg.a(lib_a-callocr.o)
 .debug_info    0x0000000000021530      0x92a /usr/lib/gcc/arm-none-eabi/10.3.1/../../../arm-none-eabi/lib/thumb/v6-m/nofp/libg.a(lib_a-impure.o)
 .debug_info    0x0000000000021e5a      0xe80 /usr/lib/gcc/arm-none-eabi/10.3.1/../../../arm-none-eabi/lib/thumb/v6-m/nofp/libg.a(lib_a-mallocr.o)
 .debug_info    0x0000000000022cda      0x942 /usr/lib/gcc/arm-none-eabi/10.3.1/../../../arm-none-eabi/lib/thumb/v6-m/nofp/libg.a(lib_a-mlock.o)
 .debug_info    0x000000000002361c      0x98e /usr/lib/gcc/arm-none-eabi/10.3.1/../../../arm-none-eabi/lib/thumb/v6-m/nofp/libg.a(lib_a-sbrkr.o)
 .debug_info    0x0000000000023faa       0x26 /usr/lib/gcc/arm-none-eabi/10.3.1/../../../arm-none-eabi/lib/thumb/v6-m/nofp/libg.a(lib_a-strcmp.o)
 .debug_info    0x0000000000023fd0       0xee /usr/lib/gcc/arm-none-eabi/10.3.1/../../../arm-none-eabi/lib/thumb/v6-m/nofp/libg.a(lib_a-strlen-stub.o)
 .debug_info    0x00000000000240be     0x1ed0 /usr/lib/gcc/arm-none-eabi/10.3.1/../../../arm-none-eabi/lib/thumb/v6-m/nofp/libg.a(lib_a-strtod.o)
 .debug_info    0x0000000000025f8e      0x1bf /usr/lib/gcc/arm-none-eabi/10.3.1/../../../arm-none-eabi/lib/thumb/v6-m/nofp/libg.a(lib_a-strtok_r.o)
 .debug_info    0x000000000002614d      0xce5 /usr/lib/gcc/arm-none-eabi/10.3.1/../../../arm-none-eabi/lib/thumb/v6-m/nofp/libg.a(lib_a-freer.o)
 .debug_info    0x0000000000026e32     0x147f /usr/lib/gcc/arm-none-eabi/10.3.1/../../../arm-none-eabi/lib/thumb/v6-m/nofp/libg.a(lib_a-gdtoa-gethex.o)
 .debug_info    0x00000000000282b1      0x3f0 /usr/lib/gcc/arm-none-eabi/10.3.1/../../../arm-none-eabi/lib/thumb/v6-m/nofp/libg.a(lib_a-gdtoa-hexnan.o)
 .debug_info    0x00000000000286a1      0xc48 /usr/lib/gcc/arm-none-eabi/10.3.1/../../../arm-none-eabi/lib/thumb/v6-m/nofp/libg.a(lib_a-lnumeric.o)
 .debug_info    0x00000000000292e9      0xe04 /usr/lib/gcc/arm-none-eabi/10.3.1/../../../arm-none-eabi/lib/thumb/v6-m/nofp/libg.a(lib_a-locale.o)
 .debug_info    0x000000000002a0ed      0xccd /usr/lib/gcc/arm-none-eabi/10.3.1/../../../arm-none-eabi/lib/thumb/v6-m/nofp/libg.a(lib_a-mbtowc_r.o)
 .debug_info    0x000000000002adba     0x20bc /usr/lib/gcc/arm-none-eabi/10.3.1/../../../arm-none-eabi/lib/thumb/v6-m/nofp/libg.a(lib_a-mprec.o)
 .debug_info    0x000000000002ce76      0xbe1 /usr/lib/gcc/arm-none-eabi/10.3.1/../../../arm-none-eabi/lib/thumb/v6-m/nofp/libg.a(lib_a-reent.o)
 .debug_info    0x000000000002da57       0xd2 /usr/lib/gcc/arm-none-eabi/10.3.1/../../../arm-none-eabi/lib/thumb/v6-m/nofp/libg.a(lib_a-s_nan.o)
 .debug_info    0x000000000002db29       0xce /usr/lib/gcc/arm-none-eabi/10.3.1/../../../arm-none-eabi/lib/thumb/v6-m/nofp/libg.a(lib_a-sf_nan.o)
 .debug_info    0x000000000002dbf7      0x110 /usr/lib/gcc/arm-none-eabi/10.3.1/../../../arm-none-eabi/lib/thumb/v6-m/nofp/libg.a(lib_a-strncmp.o)
 .debug_info    0x000000000002dd07      0xc89 /usr/lib/gcc/arm-none-eabi/10.3.1/../../../arm-none-eabi/lib/thumb/v6-m/nofp/libg.a(lib_a-wctomb_r.o)
 .debug_info    0x000000000002e990       0xb8 /usr/lib/gcc/arm-none-eabi/10.3.1/../../../arm-none-eabi/lib/thumb/v6-m/nofp/libg.a(lib_a-ctype_.o)
